AUDIT_AXIOMS|FiniteObservableEventLower|CollatzCanonical.RawOccupation.DivergentExcess.finite_observable_mean_lower_of_bad_envelopes._simp_1_3|public|propext
AUDIT_AXIOMS|FiniteObservableEventLower|CollatzCanonical.RawOccupation.DivergentExcess.finite_observable_mean_lower_of_bad_envelopes._simp_1_1|public|propext
AUDIT_AXIOMS|FiniteObservableEventLower|_private.FiniteObservableEventLower.0.CollatzCanonical.RawOccupation.DivergentExcess.odd_cumulative_add|private|propext,Classical.choice,Quot.sound
AUDIT_AXIOMS|FiniteObservableEventLower|_private.FiniteObservableEventLower.0.CollatzCanonical.RawOccupation.DivergentExcess.odd_cumulative_const_mul|private|propext,Classical.choice,Quot.sound
AUDIT_AXIOMS|FiniteObservableEventLower|CollatzCanonical.RawOccupation.DivergentExcess.finite_observable_mean_lower_of_bad_envelopes._simp_1_5|public|propext
AUDIT_AXIOMS|FiniteObservableEventLower|CollatzCanonical.RawOccupation.DivergentExcess.finite_observable_mean_lower_of_bad_envelopes._simp_1_6|public|propext,Classical.choice,Quot.sound
AUDIT_AXIOMS|FiniteObservableEventLower|CollatzCanonical.RawOccupation.DivergentExcess.finite_observable_mean_lower_of_bad_envelopes._simp_1_4|public|propext
AUDIT_AXIOMS|FiniteObservableEventLower|CollatzCanonical.RawOccupation.DivergentExcess.finite_observable_mean_lower_of_bad_envelopes._simp_1_7|public|propext
AUDIT_AXIOMS|FiniteObservableEventLower|CollatzCanonical.RawOccupation.DivergentExcess.finite_observable_mean_lower_of_bad_envelopes._simp_1_2|public|propext
AUDIT_AXIOMS|FiniteObservableEventLower|_private.FiniteObservableEventLower.0.CollatzCanonical.RawOccupation.DivergentExcess.odd_cumulative_mono._simp_1_1|private|propext
AUDIT_AXIOMS|FiniteObservableEventLower|CollatzCanonical.RawOccupation.DivergentExcess.observable_cumulative_lower_with_bad_events|public|propext,Classical.choice,Quot.sound
AUDIT_AXIOMS|FiniteObservableEventLower|_private.FiniteObservableEventLower.0.CollatzCanonical.RawOccupation.DivergentExcess.odd_cumulative_mono|private|propext,Classical.choice,Quot.sound
AUDIT_AXIOMS|FiniteObservableEventLower|_private.FiniteObservableEventLower.0.CollatzCanonical.RawOccupation.DivergentExcess.odd_cumulative_sum|private|propext,Classical.choice,Quot.sound
AUDIT_AXIOMS|FiniteObservableEventLower|CollatzCanonical.RawOccupation.DivergentExcess.observable_plus_bad_event_bound|public|propext,Classical.choice,Quot.sound
AUDIT_AXIOMS|FiniteObservableEventLower|CollatzCanonical.RawOccupation.DivergentExcess.finite_observable_mean_lower_of_bad_envelopes|public|propext,Classical.choice,Quot.sound
AUDIT_AXIOMS|ResidualOccupationSourceMean|CollatzCanonical.RawOccupation.DivergentExcess.residualOccupation_nonneg|public|propext,Classical.choice,Quot.sound
AUDIT_AXIOMS|ResidualOccupationSourceMean|CollatzCanonical.RawOccupation.DivergentExcess.residualOccupation_normalized_odd_mean|public|propext,Classical.choice,Quot.sound
AUDIT_AXIOMS|ResidualOccupationSourceMean|CollatzCanonical.RawOccupation.DivergentExcess.futureWeightSum|public|propext,Classical.choice,Quot.sound
AUDIT_AXIOMS|ResidualOccupationSourceMean|CollatzCanonical.RawOccupation.DivergentExcess.residualOccupation_cumulative|public|propext,Classical.choice,Quot.sound
AUDIT_AXIOMS|ResidualOccupationSourceMean|CollatzCanonical.RawOccupation.DivergentExcess.residualOccupation|public|propext,Classical.choice,Quot.sound
AUDIT_AXIOMS|AlignedResidualOccupationLower|CollatzCanonical.RawOccupation.DivergentExcess.exists_aligned_residual_occupation_lower|public|propext,Classical.choice,Quot.sound
AUDIT_AXIOMS|UniformResidualDensityLower|CollatzCanonical.RawOccupation.DivergentExcess.finite_residual_density_lower_from_ladders._proof_1_1|public|propext,Quot.sound
AUDIT_AXIOMS|UniformResidualDensityLower|CollatzCanonical.RawOccupation.DivergentExcess.finite_residual_density_lower_from_ladders._proof_1_2|public|propext,Quot.sound
AUDIT_AXIOMS|UniformResidualDensityLower|CollatzCanonical.RawOccupation.DivergentExcess.finite_residual_density_lower_from_ladders._proof_1_3|public|propext,Quot.sound
AUDIT_AXIOMS|UniformResidualDensityLower|CollatzCanonical.RawOccupation.DivergentExcess.finite_residual_density_lower_from_ladders|public|propext,Classical.choice,Quot.sound
AUDIT_AXIOMS|UniformResidualDensityLower|CollatzCanonical.RawOccupation.DivergentExcess.exists_uniform_finite_occupation_density_lower_with_divergent_future|public|propext,Classical.choice,Quot.sound
AUDIT_AXIOMS|ForwardOddPrefix|CollatzCanonical.RawOccupation.syracuse_injective_of_shortcut_injective|public|propext,Classical.choice,Quot.sound
AUDIT_AXIOMS|ForwardOddPrefix|CollatzCanonical.RawOccupation.oddForwardPrefix_weight_sum_lower|public|propext,Classical.choice,Quot.sound
AUDIT_AXIOMS|ForwardOddPrefix|CollatzCanonical.RawOccupation.oddForwardPrefix.eq_1|public|propext,Classical.choice,Quot.sound
AUDIT_AXIOMS|ForwardOddPrefix|CollatzCanonical.RawOccupation.oddForwardPrefix_mem_properties|public|propext,Classical.choice,Quot.sound
AUDIT_AXIOMS|ForwardOddPrefix|CollatzCanonical.RawOccupation.forward_firstHitWeight_ge_wholeOrbit_inverse|public|propext,Classical.choice,Quot.sound
AUDIT_AXIOMS|ForwardOddPrefix|CollatzCanonical.RawOccupation.oddForwardPrefix|public|propext,Classical.choice,Quot.sound
AUDIT_AXIOMS|ForwardOddPrefix|CollatzCanonical.RawOccupation.oddForwardPrefix_card|public|propext,Classical.choice,Quot.sound
AUDIT_AXIOMS|AsymptoticResidualWithPrefix|CollatzCanonical.RawOccupation.DivergentExcess.actual_raw_occupation_lower_with_prefix_rate._proof_1_1|public|propext,Quot.sound
AUDIT_AXIOMS|AsymptoticResidualWithPrefix|CollatzCanonical.RawOccupation.DivergentExcess.actual_raw_occupation_lower_with_prefix_rate|public|propext,Classical.choice,Quot.sound
AUDIT_AXIOMS|ForwardLogPrefix|CollatzCanonical.RawOccupation.oddForwardLogLength_eventual_growth_budget._simp_1_4|public|propext
AUDIT_AXIOMS|ForwardLogPrefix|CollatzCanonical.RawOccupation.oddForwardLogLength_div_log_tendsto._simp_1_2|public|propext
AUDIT_AXIOMS|ForwardLogPrefix|CollatzCanonical.RawOccupation.oddForwardLogLength_eventual_growth_budget._simp_1_6|public|propext
AUDIT_AXIOMS|ForwardLogPrefix|CollatzCanonical.RawOccupation.oddForwardLogLength_div_log_tendsto._simp_1_4|public|propext
AUDIT_AXIOMS|ForwardLogPrefix|CollatzCanonical.RawOccupation.oddForwardLogLength_eventual_growth_budget._simp_1_2|public|propext
AUDIT_AXIOMS|ForwardLogPrefix|CollatzCanonical.RawOccupation.oddForwardLogLength_div_log_tendsto._simp_1_7|public|propext,Classical.choice,Quot.sound
AUDIT_AXIOMS|ForwardLogPrefix|CollatzCanonical.RawOccupation.oddForwardLogLength_div_log_tendsto._simp_1_6|public|propext
AUDIT_AXIOMS|ForwardLogPrefix|CollatzCanonical.RawOccupation.oddForwardLogLength_eventual_growth_budget._simp_1_7|public|propext,Classical.choice,Quot.sound
AUDIT_AXIOMS|ForwardLogPrefix|CollatzCanonical.RawOccupation.oddForwardLogLength._proof_2|public|propext
AUDIT_AXIOMS|ForwardLogPrefix|CollatzCanonical.RawOccupation.oddForwardLogLength|public|propext,Classical.choice,Quot.sound
AUDIT_AXIOMS|ForwardLogPrefix|CollatzCanonical.RawOccupation.oddForwardLogLength_div_log_tendsto._simp_1_5|public|propext
AUDIT_AXIOMS|ForwardLogPrefix|CollatzCanonical.RawOccupation.oddForwardLogLength_eventual_growth_budget._simp_1_5|public|propext
AUDIT_AXIOMS|ForwardLogPrefix|CollatzCanonical.RawOccupation.oddForwardLogLength_div_log_tendsto._simp_1_3|public|propext
AUDIT_AXIOMS|ForwardLogPrefix|CollatzCanonical.RawOccupation.oddForwardLogLength_eventual_growth_budget._simp_1_3|public|propext
AUDIT_AXIOMS|ForwardLogPrefix|CollatzCanonical.RawOccupation.oddForwardLogLength_div_log_tendsto|public|propext,Classical.choice,Quot.sound
AUDIT_AXIOMS|ForwardLogPrefix|CollatzCanonical.RawOccupation.oddForwardLogLength_div_log_tendsto._proof_1_1|public|propext,Quot.sound
AUDIT_AXIOMS|ForwardLogPrefix|CollatzCanonical.RawOccupation.oddForwardLogLength_eventual_growth_budget._proof_1_1|public|propext,Quot.sound
AUDIT_AXIOMS|ForwardLogPrefix|CollatzCanonical.RawOccupation.oddForwardLogLength_eventual_growth_budget|public|propext,Classical.choice,Quot.sound
AUDIT_AXIOMS|ForwardLogPrefix|CollatzCanonical.RawOccupation.oddForwardLogLength._proof_1|public|propext
AUDIT_AXIOMS|ForwardLogPrefix|CollatzCanonical.RawOccupation.oddForwardLogLength_div_log_tendsto._simp_1_8|public|propext
AUDIT_AXIOMS|ForwardLogPrefix|CollatzCanonical.RawOccupation.oddForwardLogLength_eventual_growth_budget._simp_1_8|public|propext
AUDIT_AXIOMS|RawOccupationDivergentExcess|CollatzCanonical.RawOccupation.DivergentExcess.actual_raw_occupation_strict_baseline_excess_of_unit|public|propext,Classical.choice,Quot.sound
AUDIT_AXIOMS|RawOccupationDivergentExcess|CollatzCanonical.RawOccupation.DivergentExcess.divergentTraceExcess_nonneg|public|propext,Classical.choice,Quot.sound
AUDIT_AXIOMS|RawOccupationDivergentExcess|CollatzCanonical.RawOccupation.DivergentExcess.divergentTraceExcess._proof_2|public|propext
AUDIT_AXIOMS|RawOccupationDivergentExcess|CollatzCanonical.RawOccupation.DivergentExcess.divergentTraceExcess|public|propext,Classical.choice,Quot.sound
AUDIT_AXIOMS|RawOccupationDivergentExcess|CollatzCanonical.RawOccupation.DivergentExcess.divergentTraceExcess_pos_of_unit|public|propext,Classical.choice,Quot.sound
AUDIT_AXIOMS|RawOccupationDivergentExcess|CollatzCanonical.RawOccupation.DivergentExcess.divergentTraceExcess._proof_1|public|propext
AUDIT_AXIOMS|RawOccupationDivergentExcess|CollatzCanonical.RawOccupation.DivergentExcess.actual_raw_occupation_divergent_eventual_lower|public|propext,Classical.choice,Quot.sound
