AUDIT_AXIOMS|ActualOddInverseRow|CollatzCylinderPacking.Arithmetic.InverseDoob.inverseRowMass_nonneg|public|propext,Classical.choice,Quot.sound
AUDIT_AXIOMS|ActualOddInverseRow|CollatzCylinderPacking.Arithmetic.InverseDoob.dyadic_potential_remainder_tendsto_zero._simp_1_3|public|propext
AUDIT_AXIOMS|ActualOddInverseRow|CollatzCylinderPacking.Arithmetic.InverseDoob.iterate_dyadic|public|propext,Quot.sound
AUDIT_AXIOMS|ActualOddInverseRow|CollatzCylinderPacking.Arithmetic.InverseDoob.inverseRowMass._proof_1|public|propext
AUDIT_AXIOMS|ActualOddInverseRow|CollatzCylinderPacking.Arithmetic.InverseDoob.inverseEndpoint|public|propext
AUDIT_AXIOMS|ActualOddInverseRow|CollatzCylinderPacking.Arithmetic.InverseDoob.inverseRowMass._proof_2|public|propext
AUDIT_AXIOMS|ActualOddInverseRow|CollatzCylinderPacking.Arithmetic.InverseDoob.dyadic_potential_remainder_tendsto_zero._simp_1_6|public|propext,Classical.choice,Quot.sound
AUDIT_AXIOMS|ActualOddInverseRow|CollatzCylinderPacking.Arithmetic.InverseDoob.dyadic_potential_remainder_tendsto_zero._simp_1_7|public|propext
AUDIT_AXIOMS|ActualOddInverseRow|CollatzCylinderPacking.Arithmetic.InverseDoob.dyadic_potential_remainder_tendsto_zero._simp_1_4|public|propext
AUDIT_AXIOMS|ActualOddInverseRow|CollatzCylinderPacking.Arithmetic.InverseDoob.dyadic_potential_remainder_tendsto_zero._simp_1_2|public|propext
AUDIT_AXIOMS|ActualOddInverseRow|CollatzCylinderPacking.Arithmetic.InverseDoob.potential_pos_of_unit|public|propext,Classical.choice,Quot.sound
AUDIT_AXIOMS|ActualOddInverseRow|CollatzCylinderPacking.Arithmetic.InverseDoob.potential|public|propext,Classical.choice,Quot.sound
AUDIT_AXIOMS|ActualOddInverseRow|CollatzCylinderPacking.Arithmetic.InverseDoob.inverseRowMass_hasSum|public|propext,Classical.choice,Quot.sound
AUDIT_AXIOMS|ActualOddInverseRow|CollatzCylinderPacking.Arithmetic.InverseDoob.inverseRowMass|public|propext,Classical.choice,Quot.sound
AUDIT_AXIOMS|ActualOddInverseRow|CollatzCylinderPacking.Arithmetic.InverseDoob.dyadic_potential_remainder_tendsto_zero._simp_1_5|public|propext
AUDIT_AXIOMS|ActualOddInverseRow|CollatzCylinderPacking.Arithmetic.InverseDoob.dyadic_row_telescope|public|propext,Classical.choice,Quot.sound
AUDIT_AXIOMS|ActualOddInverseRow|CollatzCylinderPacking.Arithmetic.InverseDoob.dyadic_potential_remainder_tendsto_zero|public|propext,Classical.choice,Quot.sound
AUDIT_AXIOMS|ActualOddInverseRow|CollatzCylinderPacking.Arithmetic.InverseDoob.iterate_dyadic._proof_1_1|public|propext,Quot.sound
AUDIT_AXIOMS|ActualOddInverseRow|CollatzCylinderPacking.Arithmetic.InverseDoob.potential_nonneg|public|propext,Classical.choice,Quot.sound
AUDIT_AXIOMS|ActualOddInverseRow|CollatzCylinderPacking.Arithmetic.InverseDoob.dyadic_potential_remainder_tendsto_zero._simp_1_1|public|propext
AUDIT_AXIOMS|ActualOddInverseRow|CollatzCylinderPacking.Arithmetic.InverseDoob.inverseRowMass_tsum|public|propext,Classical.choice,Quot.sound
AUDIT_AXIOMS|ActualInverseDoobLaw|CollatzCylinderPacking.Arithmetic.InverseDoob.exponentPMF_support|public|propext,Classical.choice,Quot.sound
AUDIT_AXIOMS|ActualInverseDoobLaw|CollatzCylinderPacking.Arithmetic.InverseDoob.transitionPMF|public|propext,Classical.choice,Quot.sound
AUDIT_AXIOMS|ActualInverseDoobLaw|CollatzCylinderPacking.Arithmetic.InverseDoob.transitionPMF_support|public|propext,Classical.choice,Quot.sound
AUDIT_AXIOMS|ActualInverseDoobLaw|CollatzCylinderPacking.Arithmetic.InverseDoob.transitionPMF._proof_2|public|propext,Classical.choice,Quot.sound
AUDIT_AXIOMS|ActualInverseDoobLaw|CollatzCylinderPacking.Arithmetic.InverseDoob.exponentPMF.congr_simp|public|propext,Classical.choice,Quot.sound
AUDIT_AXIOMS|ActualInverseDoobLaw|CollatzCylinderPacking.Arithmetic.InverseDoob.historyKernel_isMarkov|public|propext,Classical.choice,Quot.sound
AUDIT_AXIOMS|ActualInverseDoobLaw|CollatzCylinderPacking.Arithmetic.InverseDoob.transitionPMF.eq_1|public|propext,Classical.choice,Quot.sound
AUDIT_AXIOMS|ActualInverseDoobLaw|CollatzCylinderPacking.Arithmetic.InverseDoob.historyKernel._proof_2|public|propext,Classical.choice,Quot.sound
AUDIT_AXIOMS|ActualInverseDoobLaw|CollatzCylinderPacking.Arithmetic.InverseDoob.historyKernel._proof_1|public|propext,Classical.choice,Quot.sound
AUDIT_AXIOMS|ActualInverseDoobLaw|CollatzCylinderPacking.Arithmetic.InverseDoob.exponentPMF._proof_1|public|propext,Classical.choice,Quot.sound
AUDIT_AXIOMS|ActualInverseDoobLaw|CollatzCylinderPacking.Arithmetic.InverseDoob.inverseRowMass.eq_1|public|propext,Classical.choice,Quot.sound
AUDIT_AXIOMS|ActualInverseDoobLaw|CollatzCylinderPacking.Arithmetic.InverseDoob.pathLaw|public|propext,Classical.choice,Quot.sound
AUDIT_AXIOMS|ActualInverseDoobLaw|CollatzCylinderPacking.Arithmetic.InverseDoob.pathLaw_history_successor|public|propext,Classical.choice,Quot.sound
AUDIT_AXIOMS|ActualInverseDoobLaw|CollatzCylinderPacking.Arithmetic.InverseDoob.transitionKernel_isMarkov|public|propext,Classical.choice,Quot.sound
AUDIT_AXIOMS|ActualInverseDoobLaw|CollatzCylinderPacking.Arithmetic.InverseDoob.historyKernel|public|propext,Classical.choice,Quot.sound
AUDIT_AXIOMS|ActualInverseDoobLaw|CollatzCylinderPacking.Arithmetic.InverseDoob.transitionPMF_of_unit|public|propext,Classical.choice,Quot.sound
AUDIT_AXIOMS|ActualInverseDoobLaw|CollatzCylinderPacking.Arithmetic.InverseDoob.transitionPMF._proof_1|public|
AUDIT_AXIOMS|ActualInverseDoobLaw|CollatzCylinderPacking.Arithmetic.InverseDoob.exponentPMF_apply|public|propext,Classical.choice,Quot.sound
AUDIT_AXIOMS|ActualInverseDoobLaw|CollatzCylinderPacking.Arithmetic.InverseDoob.transitionKernel._proof_1|public|propext,Classical.choice,Quot.sound
AUDIT_AXIOMS|ActualInverseDoobLaw|CollatzCylinderPacking.Arithmetic.InverseDoob.transitionKernel|public|propext,Classical.choice,Quot.sound
AUDIT_AXIOMS|ActualInverseDoobLaw|CollatzCylinderPacking.Arithmetic.InverseDoob.exponentPMF|public|propext,Classical.choice,Quot.sound
AUDIT_AXIOMS|ActualInverseDoobLaw|CollatzCylinderPacking.Arithmetic.InverseDoob.pathLaw_isProbability|public|propext,Classical.choice,Quot.sound
AUDIT_AXIOMS|NonperiodicCylinderSource|CollatzCylinderPacking.Arithmetic.InverseDoob.normalized_suffixSourceWeight_mean|public|propext,Classical.choice,Quot.sound
AUDIT_AXIOMS|NonperiodicCylinderSource|CollatzCylinderPacking.Arithmetic.InverseDoob.firstHit_of_nonperiodic|public|propext,Quot.sound
AUDIT_AXIOMS|NonperiodicCylinderSource|CollatzCylinderPacking.Arithmetic.InverseDoob.Nonperiodic|public|
AUDIT_AXIOMS|NonperiodicCylinderSource|CollatzCylinderPacking.Arithmetic.InverseDoob.nonperiodic_ancestor|public|propext
AUDIT_AXIOMS|NonperiodicCylinderSource|CollatzCylinderPacking.Arithmetic.InverseDoob.firstHitWeight_through_nonperiodic|public|propext,Classical.choice,Quot.sound
AUDIT_AXIOMS|NonperiodicCylinderSource|CollatzCylinderPacking.Arithmetic.InverseDoob.odd_suffixSourceWeight_mean|public|propext,Classical.choice,Quot.sound
AUDIT_AXIOMS|NonperiodicCylinderSource|CollatzCylinderPacking.Arithmetic.InverseDoob.suffixSourceWeight.eq_1|public|propext,Classical.choice,Quot.sound
AUDIT_AXIOMS|NonperiodicCylinderSource|CollatzCylinderPacking.Arithmetic.InverseDoob.suffixSourceWeight|public|propext,Classical.choice,Quot.sound
AUDIT_AXIOMS|NonperiodicCylinderSource|CollatzCylinderPacking.Arithmetic.InverseDoob.suffixSourceWeight_factor|public|propext,Classical.choice,Quot.sound
AUDIT_AXIOMS|InverseBranchCylinder|CollatzCylinderPacking.Arithmetic.InverseDoob.exponentPMF_nonperiodic_cylinder._simp_1_3|public|propext
AUDIT_AXIOMS|InverseBranchCylinder|CollatzCylinderPacking.Arithmetic.InverseDoob.inverseEndpoint_block|public|propext,Classical.choice,Quot.sound
AUDIT_AXIOMS|InverseBranchCylinder|CollatzCylinderPacking.Arithmetic.InverseDoob.exponentPMF_nonperiodic_cylinder._simp_1_1|public|propext
AUDIT_AXIOMS|InverseBranchCylinder|CollatzCylinderPacking.Arithmetic.InverseDoob.inverseEndpoint_block._proof_1_1|public|propext,Quot.sound
AUDIT_AXIOMS|InverseBranchCylinder|CollatzCylinderPacking.Arithmetic.InverseDoob.potential.eq_1|public|propext,Classical.choice,Quot.sound
AUDIT_AXIOMS|InverseBranchCylinder|CollatzCylinderPacking.Arithmetic.InverseDoob.exponentPMF_nonperiodic_cylinder._simp_1_5|public|propext
AUDIT_AXIOMS|InverseBranchCylinder|CollatzCylinderPacking.Arithmetic.InverseDoob.potential_of_nonperiodic|public|propext,Classical.choice,Quot.sound
AUDIT_AXIOMS|InverseBranchCylinder|CollatzCylinderPacking.Arithmetic.InverseDoob.inverseRowMass_eq_weighted_density|public|propext,Classical.choice,Quot.sound
AUDIT_AXIOMS|InverseBranchCylinder|CollatzCylinderPacking.Arithmetic.InverseDoob.exponentPMF_nonperiodic_cylinder._simp_1_2|public|propext
AUDIT_AXIOMS|InverseBranchCylinder|CollatzCylinderPacking.Arithmetic.InverseDoob.exponentPMF_nonperiodic_cylinder._simp_1_4|public|propext
AUDIT_AXIOMS|InverseBranchCylinder|CollatzCylinderPacking.Arithmetic.InverseDoob.exponentPMF_nonperiodic_cylinder._simp_1_7|public|propext
AUDIT_AXIOMS|InverseBranchCylinder|CollatzCylinderPacking.Arithmetic.InverseDoob.exponentPMF_nonperiodic_cylinder._simp_1_6|public|propext,Classical.choice,Quot.sound
AUDIT_AXIOMS|InverseBranchCylinder|CollatzCylinderPacking.Arithmetic.InverseDoob.exponentPMF_source_limit|public|propext,Classical.choice,Quot.sound
AUDIT_AXIOMS|InverseBranchCylinder|CollatzCylinderPacking.Arithmetic.InverseDoob.exponentPMF_nonperiodic_cylinder|public|propext,Classical.choice,Quot.sound
AUDIT_AXIOMS|FinitePathCylinder|CollatzCylinderPacking.Arithmetic.InverseDoob.pathLaw_finite_projection|public|propext,Classical.choice,Quot.sound
AUDIT_AXIOMS|FinitePathCylinder|CollatzCylinderPacking.Arithmetic.InverseDoob.pathLaw_prefix_succ._proof_1_1|public|propext,Quot.sound
AUDIT_AXIOMS|FinitePathCylinder|CollatzCylinderPacking.Arithmetic.InverseDoob.prefixSet|public|
AUDIT_AXIOMS|FinitePathCylinder|CollatzCylinderPacking.Arithmetic.InverseDoob.pathLaw_eq_traj|public|propext,Classical.choice,Quot.sound
AUDIT_AXIOMS|FinitePathCylinder|CollatzCylinderPacking.Arithmetic.InverseDoob.measurableSet_prefixSet|public|propext,Classical.choice,Quot.sound
AUDIT_AXIOMS|FinitePathCylinder|CollatzCylinderPacking.Arithmetic.InverseDoob.pathLaw_prefix_product|public|propext,Classical.choice,Quot.sound
AUDIT_AXIOMS|FinitePathCylinder|CollatzCylinderPacking.Arithmetic.InverseDoob.pathLaw_prefix_zero._proof_1_1|public|propext,Classical.choice,Quot.sound
AUDIT_AXIOMS|FinitePathCylinder|CollatzCylinderPacking.Arithmetic.InverseDoob.pathLaw_prefix_succ|public|propext,Classical.choice,Quot.sound
AUDIT_AXIOMS|FinitePathCylinder|CollatzCylinderPacking.Arithmetic.InverseDoob.prefixSet_eq_preimage|public|propext,Classical.choice,Quot.sound
AUDIT_AXIOMS|FinitePathCylinder|CollatzCylinderPacking.Arithmetic.InverseDoob.pathLaw.eq_1|public|propext,Classical.choice,Quot.sound
AUDIT_AXIOMS|FinitePathCylinder|CollatzCylinderPacking.Arithmetic.InverseDoob.pathLaw_prefix_zero|public|propext,Classical.choice,Quot.sound
AUDIT_AXIOMS|ActualTransitionAtom|CollatzCylinderPacking.Arithmetic.InverseDoob.transitionPMF_inverseEndpoint|public|propext,Classical.choice,Quot.sound
AUDIT_AXIOMS|ActualTransitionAtom|CollatzCylinderPacking.Arithmetic.InverseDoob.inverseEndpoint_injective_on_guard|public|propext,Classical.choice,Quot.sound
AUDIT_AXIOMS|ActualTransitionAtom|CollatzCylinderPacking.Arithmetic.InverseDoob.transitionPMF_nonperiodic_atom|public|propext,Classical.choice,Quot.sound
AUDIT_AXIOMS|NonperiodicFiniteCylinder|CollatzCylinderPacking.Arithmetic.InverseDoob.pathLaw_validPrefix_cylinder._simp_1_6|public|propext
AUDIT_AXIOMS|NonperiodicFiniteCylinder|CollatzCylinderPacking.Arithmetic.InverseDoob.pathLaw_validPrefix_cylinder._simp_1_7|public|propext
AUDIT_AXIOMS|NonperiodicFiniteCylinder|CollatzCylinderPacking.Arithmetic.InverseDoob.ValidPrefix.ancestor._proof_1_2|public|propext,Quot.sound
AUDIT_AXIOMS|NonperiodicFiniteCylinder|CollatzCylinderPacking.Arithmetic.InverseDoob.pathLaw_validPrefix_cylinder._simp_1_5|public|propext
AUDIT_AXIOMS|NonperiodicFiniteCylinder|CollatzCylinderPacking.Arithmetic.InverseDoob.pathLaw_validPrefix_cylinder._simp_1_8|public|propext
AUDIT_AXIOMS|NonperiodicFiniteCylinder|CollatzCylinderPacking.Arithmetic.InverseDoob.pathLaw_validPrefix_cylinder._simp_1_9|public|propext
AUDIT_AXIOMS|NonperiodicFiniteCylinder|CollatzCylinderPacking.Arithmetic.InverseDoob.ValidPrefix|public|propext
AUDIT_AXIOMS|NonperiodicFiniteCylinder|CollatzCylinderPacking.Arithmetic.InverseDoob.pathLaw_validPrefix_cylinder|public|propext,Classical.choice,Quot.sound
AUDIT_AXIOMS|NonperiodicFiniteCylinder|CollatzCylinderPacking.Arithmetic.InverseDoob.ValidPrefix.restrict|public|propext
AUDIT_AXIOMS|NonperiodicFiniteCylinder|CollatzCylinderPacking.Arithmetic.InverseDoob.pathLaw_validPrefix_cylinder._simp_1_11|public|propext
AUDIT_AXIOMS|NonperiodicFiniteCylinder|CollatzCylinderPacking.Arithmetic.InverseDoob.pathLaw_validPrefix_source_limit|public|propext,Classical.choice,Quot.sound
AUDIT_AXIOMS|NonperiodicFiniteCylinder|CollatzCylinderPacking.Arithmetic.InverseDoob.ValidPrefix.ancestor|public|propext,Classical.choice,Quot.sound
AUDIT_AXIOMS|NonperiodicFiniteCylinder|CollatzCylinderPacking.Arithmetic.InverseDoob.pathLaw_validPrefix_cylinder._proof_1_4|public|propext,Quot.sound
AUDIT_AXIOMS|NonperiodicFiniteCylinder|CollatzCylinderPacking.Arithmetic.InverseDoob.ValidPrefix.ancestor._proof_1_1|public|propext,Quot.sound
AUDIT_AXIOMS|NonperiodicFiniteCylinder|CollatzCylinderPacking.Arithmetic.InverseDoob.pathLaw_validPrefix_cylinder._simp_1_10|public|propext,Classical.choice,Quot.sound
AUDIT_AXIOMS|NonperiodicFiniteCylinder|CollatzCylinderPacking.Arithmetic.InverseDoob.pathLaw_validPrefix_cylinder._proof_1_2|public|propext,Quot.sound
AUDIT_AXIOMS|NonperiodicFiniteCylinder|CollatzCylinderPacking.Arithmetic.InverseDoob.pathLaw_validPrefix_cylinder._proof_1_3|public|propext,Quot.sound
AUDIT_AXIOMS|NonperiodicFiniteCylinder|CollatzCylinderPacking.Arithmetic.InverseDoob.pathLaw_validPrefix_cylinder._proof_1_1|public|propext,Quot.sound
AUDIT_AXIOMS|SourceSuffixPrefix|CollatzCylinderPacking.Arithmetic.InverseDoob.ValidPrefix.odd|public|propext,Classical.choice,Quot.sound
AUDIT_AXIOMS|SourceSuffixPrefix|CollatzCylinderPacking.Arithmetic.InverseDoob.oddCount_strict_of_odd_endpoint._proof_1_3|public|propext,Quot.sound
AUDIT_AXIOMS|SourceSuffixPrefix|CollatzCylinderPacking.Arithmetic.InverseDoob.ValidPrefix.suffix_hit_clock._proof_1_3|public|propext,Quot.sound
AUDIT_AXIOMS|SourceSuffixPrefix|CollatzCylinderPacking.Arithmetic.InverseDoob.oddCount_strict_of_odd_endpoint._proof_1_2|public|propext,Quot.sound
AUDIT_AXIOMS|SourceSuffixPrefix|CollatzCylinderPacking.Arithmetic.InverseDoob.ValidPrefix.hit_clock|public|propext,Classical.choice,Quot.sound
AUDIT_AXIOMS|SourceSuffixPrefix|CollatzCylinderPacking.Arithmetic.InverseDoob.ValidPrefix.suffix_hit_clock._proof_1_2|public|propext,Quot.sound
AUDIT_AXIOMS|SourceSuffixPrefix|CollatzCylinderPacking.Arithmetic.InverseDoob.ValidPrefix.odd._proof_1_1|public|propext,Quot.sound
AUDIT_AXIOMS|SourceSuffixPrefix|CollatzCylinderPacking.Arithmetic.InverseDoob.odd_endpoint_time_eq_of_oddCount_eq._proof_1_1|public|propext,Quot.sound
AUDIT_AXIOMS|SourceSuffixPrefix|CollatzCylinderPacking.Arithmetic.InverseDoob.ValidPrefix.suffix_hit_clock._proof_1_4|public|propext,Quot.sound
AUDIT_AXIOMS|SourceSuffixPrefix|CollatzCylinderPacking.Arithmetic.InverseDoob.odd_endpoint_time_eq_of_oddCount_eq._proof_1_2|public|propext,Quot.sound
AUDIT_AXIOMS|SourceSuffixPrefix|CollatzCylinderPacking.Arithmetic.InverseDoob.ValidPrefix.suffix_hit_clock|public|propext,Classical.choice,Quot.sound
AUDIT_AXIOMS|SourceSuffixPrefix|CollatzCylinderPacking.Arithmetic.InverseDoob.oddCount_strict_of_odd_endpoint|public|propext,Quot.sound
AUDIT_AXIOMS|SourceSuffixPrefix|CollatzCylinderPacking.Arithmetic.InverseDoob.odd_endpoint_time_eq_of_oddCount_eq|public|propext,Quot.sound
AUDIT_AXIOMS|SourceSuffixPrefix|CollatzCylinderPacking.Arithmetic.InverseDoob.ValidPrefix.suffix_hit_clock._proof_1_1|public|propext,Quot.sound
AUDIT_AXIOMS|SourceSuffixPrefix|CollatzCylinderPacking.Arithmetic.InverseDoob.oddCount_strict_of_odd_endpoint._proof_1_1|public|propext,Quot.sound
AUDIT_AXIOMS|SourceSuffixPrefix|CollatzCylinderPacking.Arithmetic.InverseDoob.ValidPrefix.eq_of_common_ancestor|public|propext,Classical.choice,Quot.sound
AUDIT_AXIOMS|SourceSuffixPrefix|CollatzCylinderPacking.Arithmetic.InverseDoob.ValidPrefix.endpoint_eq_of_common_ancestor._proof_1_1|public|propext,Quot.sound
AUDIT_AXIOMS|SourceSuffixPrefix|CollatzCylinderPacking.Arithmetic.InverseDoob.ValidPrefix.suffix_hit_clock._proof_1_5|public|propext,Quot.sound
AUDIT_AXIOMS|SourceSuffixPrefix|CollatzCylinderPacking.Arithmetic.InverseDoob.ValidPrefix.endpoint_eq_of_common_ancestor|public|propext,Classical.choice,Quot.sound
AUDIT_AXIOMS|LastVisitGeometry|CollatzCylinderPacking.Arithmetic.InverseDoob.IsActualInversePath.no_visit_after_bound|public|propext,Classical.choice,Quot.sound
AUDIT_AXIOMS|LastVisitGeometry|CollatzCylinderPacking.Arithmetic.InverseDoob.finiteLastVisit_congr|public|propext,Classical.choice,Quot.sound
AUDIT_AXIOMS|LastVisitGeometry|CollatzCylinderPacking.Arithmetic.InverseDoob.le_finiteLastVisit._proof_1_1|public|propext,Quot.sound
AUDIT_AXIOMS|LastVisitGeometry|CollatzCylinderPacking.Arithmetic.InverseDoob.lastVisitIndex_eq_prefixFunction|public|propext,Classical.choice,Quot.sound
AUDIT_AXIOMS|LastVisitGeometry|CollatzCylinderPacking.Arithmetic.InverseDoob.IsActualInversePath|public|propext
AUDIT_AXIOMS|LastVisitGeometry|CollatzCylinderPacking.Arithmetic.InverseDoob.IsActualInversePath.lastVisit_spec|public|propext,Classical.choice,Quot.sound
AUDIT_AXIOMS|LastVisitGeometry|CollatzCylinderPacking.Arithmetic.InverseDoob.IsActualInversePath.lastVisit_mono|public|propext,Classical.choice,Quot.sound
AUDIT_AXIOMS|LastVisitGeometry|CollatzCylinderPacking.Arithmetic.InverseDoob.finiteLastVisit_mem._simp_1_1|public|propext,Quot.sound
AUDIT_AXIOMS|LastVisitGeometry|CollatzCylinderPacking.Arithmetic.InverseDoob.IsActualInversePath.hit_clock._proof_1_1|public|propext,Quot.sound
AUDIT_AXIOMS|LastVisitGeometry|CollatzCylinderPacking.Arithmetic.InverseDoob.boundedHitEndpoints|public|propext,Classical.choice,Quot.sound
AUDIT_AXIOMS|LastVisitGeometry|CollatzCylinderPacking.Arithmetic.InverseDoob.finiteLastVisit_mem|public|propext,Classical.choice,Quot.sound
AUDIT_AXIOMS|LastVisitGeometry|CollatzCylinderPacking.Arithmetic.InverseDoob.IsActualInversePath.visit_depth_le._proof_1_1|public|propext,Quot.sound
AUDIT_AXIOMS|LastVisitGeometry|CollatzCylinderPacking.Arithmetic.InverseDoob.finiteLastVisit|public|propext,Classical.choice,Quot.sound
AUDIT_AXIOMS|LastVisitGeometry|CollatzCylinderPacking.Arithmetic.InverseDoob.measurableSet_lastVisitIndex_event|public|propext,Classical.choice,Quot.sound
AUDIT_AXIOMS|LastVisitGeometry|CollatzCylinderPacking.Arithmetic.InverseDoob.lastVisitIndex_le_bound|public|propext,Classical.choice,Quot.sound
AUDIT_AXIOMS|LastVisitGeometry|CollatzCylinderPacking.Arithmetic.InverseDoob.IsActualInversePath.le_lastVisit_of_visit|public|propext,Classical.choice,Quot.sound
AUDIT_AXIOMS|LastVisitGeometry|CollatzCylinderPacking.Arithmetic.InverseDoob.measurable_lastVisitIndex|public|propext,Classical.choice,Quot.sound
AUDIT_AXIOMS|LastVisitGeometry|CollatzCylinderPacking.Arithmetic.InverseDoob.lastVisitPrefixFunction._proof_1|public|propext,Classical.choice,Quot.sound
AUDIT_AXIOMS|LastVisitGeometry|CollatzCylinderPacking.Arithmetic.InverseDoob.lastVisitPrefixFunction|public|propext,Classical.choice,Quot.sound
AUDIT_AXIOMS|LastVisitGeometry|CollatzCylinderPacking.Arithmetic.InverseDoob.IsActualInversePath.finite_visits|public|propext,Classical.choice,Quot.sound
AUDIT_AXIOMS|LastVisitGeometry|CollatzCylinderPacking.Arithmetic.InverseDoob.lastVisitIndex_event_preimage|public|propext,Classical.choice,Quot.sound
AUDIT_AXIOMS|LastVisitGeometry|CollatzCylinderPacking.Arithmetic.InverseDoob.lastVisitIndex_prefix_congr|public|propext,Classical.choice,Quot.sound
AUDIT_AXIOMS|LastVisitGeometry|CollatzCylinderPacking.Arithmetic.InverseDoob.IsActualInversePath.odd|public|propext,Classical.choice,Quot.sound
AUDIT_AXIOMS|LastVisitGeometry|CollatzCylinderPacking.Arithmetic.InverseDoob.finiteLastVisit_mem._simp_1_2|public|propext,Classical.choice,Quot.sound
AUDIT_AXIOMS|LastVisitGeometry|CollatzCylinderPacking.Arithmetic.InverseDoob.IsActualInversePath.firstHitOddDepth_eq|public|propext,Classical.choice,Quot.sound
AUDIT_AXIOMS|LastVisitGeometry|CollatzCylinderPacking.Arithmetic.InverseDoob.lastVisitDepthBound|public|propext,Classical.choice,Quot.sound
AUDIT_AXIOMS|LastVisitGeometry|CollatzCylinderPacking.Arithmetic.InverseDoob.IsActualInversePath.le_lastVisit_iff|public|propext,Classical.choice,Quot.sound
AUDIT_AXIOMS|LastVisitGeometry|CollatzCylinderPacking.Arithmetic.InverseDoob.finiteLastVisit_le|public|propext,Classical.choice,Quot.sound
AUDIT_AXIOMS|LastVisitGeometry|CollatzCylinderPacking.Arithmetic.InverseDoob.finiteLastVisit_mem._proof_1_3|public|propext,Quot.sound
AUDIT_AXIOMS|LastVisitGeometry|CollatzCylinderPacking.Arithmetic.InverseDoob.le_finiteLastVisit|public|propext,Classical.choice,Quot.sound
AUDIT_AXIOMS|LastVisitGeometry|CollatzCylinderPacking.Arithmetic.InverseDoob.IsActualInversePath.injective|public|propext,Classical.choice,Quot.sound
AUDIT_AXIOMS|LastVisitGeometry|CollatzCylinderPacking.Arithmetic.InverseDoob.lastVisitIndex|public|propext,Classical.choice,Quot.sound
AUDIT_AXIOMS|LastVisitGeometry|CollatzCylinderPacking.Arithmetic.InverseDoob.IsActualInversePath.hit_clock|public|propext,Classical.choice,Quot.sound
AUDIT_AXIOMS|LastVisitGeometry|CollatzCylinderPacking.Arithmetic.InverseDoob.IsActualInversePath.lastVisit_spec._proof_1_1|public|propext,Classical.choice,Quot.sound
AUDIT_AXIOMS|LastVisitGeometry|CollatzCylinderPacking.Arithmetic.InverseDoob.IsActualInversePath.no_visit_after_bound._proof_1_1|public|propext,Classical.choice,Quot.sound
AUDIT_AXIOMS|LastVisitGeometry|CollatzCylinderPacking.Arithmetic.InverseDoob.IsActualInversePath.visit_depth_le|public|propext,Classical.choice,Quot.sound
AUDIT_AXIOMS|SourceLastVisitClock|CollatzCylinderPacking.Arithmetic.InverseDoob.ValidPrefix.visit_depth_le|public|propext,Classical.choice,Quot.sound
AUDIT_AXIOMS|SourceLastVisitClock|CollatzCylinderPacking.Arithmetic.InverseDoob.source_first_passage_eq_reverse_lastVisit._proof_1_2|public|propext,Classical.choice,Quot.sound
AUDIT_AXIOMS|SourceLastVisitClock|CollatzCylinderPacking.Arithmetic.InverseDoob.source_first_passage_eq_reverse_lastVisit._proof_1_3|public|propext,Classical.choice,Quot.sound
AUDIT_AXIOMS|SourceLastVisitClock|CollatzCylinderPacking.Arithmetic.InverseDoob.ValidPrefix.le_source_depth|public|propext,Classical.choice,Quot.sound
AUDIT_AXIOMS|SourceLastVisitClock|CollatzCylinderPacking.Arithmetic.InverseDoob.syracuse_of_odd_shortcut_hit|public|propext,Classical.choice,Quot.sound
AUDIT_AXIOMS|SourceLastVisitClock|CollatzCylinderPacking.Arithmetic.InverseDoob.ValidPrefix.source_syracuse_suffix|public|propext,Classical.choice,Quot.sound
AUDIT_AXIOMS|SourceLastVisitClock|CollatzCylinderPacking.Arithmetic.InverseDoob.ValidPrefix.firstHitOddDepth_eq|public|propext,Classical.choice,Quot.sound
AUDIT_AXIOMS|SourceLastVisitClock|CollatzCylinderPacking.Arithmetic.InverseDoob.ValidPrefix.source_depth_split|public|propext,Classical.choice,Quot.sound
AUDIT_AXIOMS|SourceLastVisitClock|CollatzCylinderPacking.Arithmetic.InverseDoob.ValidPrefix.le_source_depth._proof_1_1|public|propext,Quot.sound
AUDIT_AXIOMS|SourceLastVisitClock|CollatzCylinderPacking.Arithmetic.InverseDoob.ValidPrefix.source_syracuse_suffix._proof_1_1|public|propext,Classical.choice,Quot.sound
AUDIT_AXIOMS|SourceLastVisitClock|CollatzCylinderPacking.Arithmetic.InverseDoob.source_first_passage_eq_reverse_lastVisit._proof_1_1|public|propext,Classical.choice,Quot.sound
AUDIT_AXIOMS|SourceLastVisitClock|CollatzCylinderPacking.Arithmetic.InverseDoob.source_first_passage_eq_reverse_lastVisit|public|propext,Classical.choice,Quot.sound
AUDIT_AXIOMS|SourceLastVisitClock|CollatzCylinderPacking.Arithmetic.InverseDoob.source_first_passage_eq_reverse_lastVisit._proof_1_4|public|propext,Classical.choice,Quot.sound
AUDIT_AXIOMS|SourceLastVisitClock|CollatzCylinderPacking.Arithmetic.InverseDoob.syracuse_firstHitOddDepth|public|propext,Classical.choice,Quot.sound
AUDIT_AXIOMS|SourceLastVisitClock|CollatzCylinderPacking.Arithmetic.InverseDoob.source_barrier_clock_add_lastVisit|public|propext,Classical.choice,Quot.sound
AUDIT_AXIOMS|SourceLastVisitClock|CollatzCylinderPacking.Arithmetic.InverseDoob.firstHitOddDepth_syracuse_tail|public|propext,Classical.choice,Quot.sound
AUDIT_AXIOMS|SourceLastVisitClock|CollatzCylinderPacking.Arithmetic.InverseDoob.ValidPrefix.visit_depth_le._proof_1_1|public|propext,Quot.sound
AUDIT_AXIOMS|SourceLastVisitClock|CollatzCylinderPacking.Arithmetic.InverseDoob.ValidPrefix.le_lastVisit_of_visit|public|propext,Classical.choice,Quot.sound
AUDIT_AXIOMS|SourceLastVisitClock|CollatzCylinderPacking.Arithmetic.InverseDoob.ValidPrefix.lastVisit_mem|public|propext,Classical.choice,Quot.sound
AUDIT_AXIOMS|ActualPathSupport|CollatzCylinderPacking.Arithmetic.InverseDoob.pathLaw_initial_ae|public|propext,Classical.choice,Quot.sound
AUDIT_AXIOMS|ActualPathSupport|CollatzCylinderPacking.Arithmetic.InverseDoob.pathLaw_step_support_ae|public|propext,Classical.choice,Quot.sound
AUDIT_AXIOMS|ActualPathSupport|CollatzCylinderPacking.Arithmetic.InverseDoob.pathLaw_actual_steps_ae|public|propext,Classical.choice,Quot.sound
AUDIT_AXIOMS|ActualPathSupport|CollatzCylinderPacking.Arithmetic.InverseDoob.transitionPMF_support_ae|public|propext,Classical.choice,Quot.sound
AUDIT_AXIOMS|ActualPathSupport|CollatzCylinderPacking.Arithmetic.InverseDoob.pathLaw_all_step_support_ae|public|propext,Classical.choice,Quot.sound
AUDIT_AXIOMS|ActualPathSupport|CollatzCylinderPacking.Arithmetic.InverseDoob.pathLaw_validPrefix_ae|public|propext,Classical.choice,Quot.sound
AUDIT_AXIOMS|ActualLastVisitLaw|CollatzCylinderPacking.Arithmetic.InverseDoob.pathLaw_injective_ae|public|propext,Classical.choice,Quot.sound
AUDIT_AXIOMS|ActualLastVisitLaw|CollatzCylinderPacking.Arithmetic.InverseDoob.pathLaw_lastVisit_spec_ae|public|propext,Classical.choice,Quot.sound
AUDIT_AXIOMS|ActualLastVisitLaw|CollatzCylinderPacking.Arithmetic.InverseDoob.pathLaw_isActualInversePath_ae|public|propext,Classical.choice,Quot.sound
AUDIT_AXIOMS|ActualLastVisitLaw|CollatzCylinderPacking.Arithmetic.InverseDoob.pathLaw_finite_visits_ae|public|propext,Classical.choice,Quot.sound
AUDIT_AXIOMS|LadderClockLimit|CollatzCylinderPacking.Arithmetic.InverseDoob.measurableSet_ladderClockLimitEvent|public|propext,Classical.choice,Quot.sound
AUDIT_AXIOMS|LadderClockLimit|CollatzCylinderPacking.Arithmetic.InverseDoob.ladderClockLimitEvent.eq_1|public|propext,Classical.choice,Quot.sound
AUDIT_AXIOMS|LadderClockLimit|CollatzCylinderPacking.Arithmetic.InverseDoob.ladderClockLimitEvent|public|propext,Classical.choice,Quot.sound
AUDIT_AXIOMS|LadderClockLimit|CollatzCylinderPacking.Arithmetic.InverseDoob.ladderLastClock.eq_1|public|propext,Classical.choice,Quot.sound
AUDIT_AXIOMS|LadderClockLimit|CollatzCylinderPacking.Arithmetic.InverseDoob.ladderLastClockError|public|propext,Classical.choice,Quot.sound
AUDIT_AXIOMS|LadderClockLimit|CollatzCylinderPacking.Arithmetic.InverseDoob.ladderClockLimit_of_all_errors|public|propext,Classical.choice,Quot.sound
AUDIT_AXIOMS|LadderClockLimit|CollatzCylinderPacking.Arithmetic.InverseDoob.ladderClockLimitEvent_shift|public|propext,Classical.choice,Quot.sound
AUDIT_AXIOMS|LadderClockLimit|CollatzCylinderPacking.Arithmetic.InverseDoob.ladderLastClockError._proof_1|public|propext
AUDIT_AXIOMS|LadderClockLimit|CollatzCylinderPacking.Arithmetic.InverseDoob.finiteLadderClockEvent|public|propext,Classical.choice,Quot.sound
AUDIT_AXIOMS|LadderClockLimit|CollatzCylinderPacking.Arithmetic.InverseDoob.finiteLadderClockEvent_antitone|public|propext,Classical.choice,Quot.sound
AUDIT_AXIOMS|LadderClockLimit|CollatzCylinderPacking.Arithmetic.InverseDoob.ladderClockLimit_compl_le_of_finite_errors|public|propext,Classical.choice,Quot.sound
AUDIT_AXIOMS|LadderClockLimit|CollatzCylinderPacking.Arithmetic.InverseDoob.ae_ladderClockLimit_of_shifted_finite_errors|public|propext,Classical.choice,Quot.sound
AUDIT_AXIOMS|LadderClockLimit|CollatzCylinderPacking.Arithmetic.InverseDoob.ladderLastClockError._proof_2|public|propext
AUDIT_AXIOMS|LadderClockLimit|CollatzCylinderPacking.Arithmetic.InverseDoob.clockScale_compose|public|propext,Classical.choice,Quot.sound
AUDIT_AXIOMS|LadderClockLimit|CollatzCylinderPacking.Arithmetic.InverseDoob.ladderLastClockError_normalized_tendsto_zero|public|propext,Classical.choice,Quot.sound
AUDIT_AXIOMS|LadderClockLimit|CollatzCylinderPacking.Arithmetic.InverseDoob.ladderLastClock|public|propext,Classical.choice,Quot.sound
AUDIT_AXIOMS|FinitePrefixIndex|CollatzCylinderPacking.Arithmetic.InverseDoob.finitePrefixPMF._proof_2|public|propext,Classical.choice,Quot.sound
AUDIT_AXIOMS|FinitePrefixIndex|CollatzCylinderPacking.Arithmetic.InverseDoob.finitePrefixPMF._proof_3|public|propext,Classical.choice,Quot.sound
AUDIT_AXIOMS|FinitePrefixIndex|CollatzCylinderPacking.Arithmetic.InverseDoob.PrefixIndex|public|propext,Classical.choice,Quot.sound
AUDIT_AXIOMS|FinitePrefixIndex|CollatzCylinderPacking.Arithmetic.InverseDoob.finitePrefixPMF._proof_1|public|propext,Classical.choice,Quot.sound
AUDIT_AXIOMS|FinitePrefixIndex|CollatzCylinderPacking.Arithmetic.InverseDoob.finitePrefixPMF_toReal_summable|public|propext,Classical.choice,Quot.sound
AUDIT_AXIOMS|FinitePrefixIndex|CollatzCylinderPacking.Arithmetic.InverseDoob.ValidPrefix.congr._proof_1_1|public|propext,Quot.sound
AUDIT_AXIOMS|FinitePrefixIndex|CollatzCylinderPacking.Arithmetic.InverseDoob.finitePrefixPMF|public|propext,Classical.choice,Quot.sound
AUDIT_AXIOMS|FinitePrefixIndex|CollatzCylinderPacking.Arithmetic.InverseDoob.finitePrefixPMF_toReal_tsum|public|propext,Classical.choice,Quot.sound
AUDIT_AXIOMS|FinitePrefixIndex|CollatzCylinderPacking.Arithmetic.InverseDoob.prefixExtend._proof_1|public|propext,Classical.choice,Quot.sound
AUDIT_AXIOMS|FinitePrefixIndex|CollatzCylinderPacking.Arithmetic.InverseDoob.prefixExtend_apply|public|propext,Classical.choice,Quot.sound
AUDIT_AXIOMS|FinitePrefixIndex|CollatzCylinderPacking.Arithmetic.InverseDoob.ValidPrefix.congr._proof_1_2|public|propext,Quot.sound
AUDIT_AXIOMS|FinitePrefixIndex|CollatzCylinderPacking.Arithmetic.InverseDoob.finitePrefixPMF_apply|public|propext,Classical.choice,Quot.sound
AUDIT_AXIOMS|FinitePrefixIndex|CollatzCylinderPacking.Arithmetic.InverseDoob.finitePrefixPMF_eq_zero_of_invalid|public|propext,Classical.choice,Quot.sound
AUDIT_AXIOMS|FinitePrefixIndex|CollatzCylinderPacking.Arithmetic.InverseDoob.prefixExtend|public|propext,Classical.choice,Quot.sound
AUDIT_AXIOMS|FinitePrefixIndex|CollatzCylinderPacking.Arithmetic.InverseDoob.restrict_prefixExtend|public|propext,Classical.choice,Quot.sound
AUDIT_AXIOMS|FinitePrefixIndex|CollatzCylinderPacking.Arithmetic.InverseDoob.ValidPrefix.congr|public|propext,Quot.sound
AUDIT_AXIOMS|CountableScheffe|ActualInverseDoob.tendsto_tsum_abs_sub_of_nonneg|public|propext,Classical.choice,Quot.sound
AUDIT_AXIOMS|FinitePrefixSourceMass|CollatzCylinderPacking.Arithmetic.InverseDoob.prefixSourceWeight_of_invalid|public|propext,Classical.choice,Quot.sound
AUDIT_AXIOMS|FinitePrefixSourceMass|CollatzCylinderPacking.Arithmetic.InverseDoob.fullSourceMass|public|propext,Classical.choice,Quot.sound
AUDIT_AXIOMS|FinitePrefixSourceMass|CollatzCylinderPacking.Arithmetic.InverseDoob.prefixSourceMass_nonneg|public|propext,Classical.choice,Quot.sound
AUDIT_AXIOMS|FinitePrefixSourceMass|CollatzCylinderPacking.Arithmetic.InverseDoob.prefixSourceWeight.eq_1|public|propext,Classical.choice,Quot.sound
AUDIT_AXIOMS|FinitePrefixSourceMass|CollatzCylinderPacking.Arithmetic.InverseDoob.prefixSourceWeight_of_valid|public|propext,Classical.choice,Quot.sound
AUDIT_AXIOMS|FinitePrefixSourceMass|CollatzCylinderPacking.Arithmetic.InverseDoob.prefixSourceWeight_nonneg|public|propext,Classical.choice,Quot.sound
AUDIT_AXIOMS|FinitePrefixSourceMass|CollatzCylinderPacking.Arithmetic.InverseDoob.fullSourceMass_tendsto|public|propext,Classical.choice,Quot.sound
AUDIT_AXIOMS|FinitePrefixSourceMass|CollatzCylinderPacking.Arithmetic.InverseDoob.prefixSourceMass.eq_1|public|propext,Classical.choice,Quot.sound
AUDIT_AXIOMS|FinitePrefixSourceMass|CollatzCylinderPacking.Arithmetic.InverseDoob.prefixSourceMass._proof_1|public|propext
AUDIT_AXIOMS|FinitePrefixSourceMass|CollatzCylinderPacking.Arithmetic.InverseDoob.prefixSourceMass|public|propext,Classical.choice,Quot.sound
AUDIT_AXIOMS|FinitePrefixSourceMass|CollatzCylinderPacking.Arithmetic.InverseDoob.prefixSourceMass_tendsto|public|propext,Classical.choice,Quot.sound
AUDIT_AXIOMS|FinitePrefixSourceMass|CollatzCylinderPacking.Arithmetic.InverseDoob.logarithmicCumulative_sum|public|propext,Classical.choice,Quot.sound
AUDIT_AXIOMS|FinitePrefixSourceMass|CollatzCylinderPacking.Arithmetic.InverseDoob.prefixSourceWeight|public|propext,Classical.choice,Quot.sound
AUDIT_AXIOMS|FinitePrefixSourceBound|CollatzCylinderPacking.Arithmetic.InverseDoob.prefixSourceMass_summable|public|propext,Classical.choice,Quot.sound
AUDIT_AXIOMS|FinitePrefixSourceBound|CollatzCylinderPacking.Arithmetic.InverseDoob.prefixIndex_eq_of_common_ancestor|public|propext,Classical.choice,Quot.sound
AUDIT_AXIOMS|FinitePrefixSourceBound|CollatzCylinderPacking.Arithmetic.InverseDoob.prefixSourceMass_tsum_le|public|propext,Classical.choice,Quot.sound
AUDIT_AXIOMS|FinitePrefixSourceBound|CollatzCylinderPacking.Arithmetic.InverseDoob.prefixSourceMass_sum_le|public|propext,Classical.choice,Quot.sound
AUDIT_AXIOMS|FinitePrefixSourceBound|CollatzCylinderPacking.Arithmetic.InverseDoob.fullSourceMass.eq_1|public|propext,Classical.choice,Quot.sound
AUDIT_AXIOMS|FinitePrefixSourceBound|CollatzCylinderPacking.Arithmetic.InverseDoob.prefixSourceWeight_sum_le|public|propext,Classical.choice,Quot.sound
AUDIT_AXIOMS|FinitePrefixSourceBound|CollatzCylinderPacking.Arithmetic.InverseDoob.prefixSourceMass_sum_le._simp_1_2|public|propext
AUDIT_AXIOMS|CountableMassSqueeze|ActualInverseDoob.tendsto_tsum_of_nonneg_of_mass_upper_bound|public|propext,Classical.choice,Quot.sound
AUDIT_AXIOMS|CountableMassSqueeze|ActualInverseDoob.tendsto_tsum_abs_sub_of_nonneg_of_mass_upper_bound|public|propext,Classical.choice,Quot.sound
AUDIT_AXIOMS|ActualFinitePrefixTV|CollatzCylinderPacking.Arithmetic.InverseDoob.actual_prefix_source_mass_tendsto_one|public|propext,Classical.choice,Quot.sound
AUDIT_AXIOMS|ActualFinitePrefixTV|CollatzCylinderPacking.Arithmetic.InverseDoob.actual_fixed_prefix_total_variation|public|propext,Classical.choice,Quot.sound
AUDIT_AXIOMS|ActualPrefixEvents|CollatzCylinderPacking.Arithmetic.InverseDoob.actual_prefix_event_probability_le_of_eventual_add|public|propext,Classical.choice,Quot.sound
AUDIT_AXIOMS|ActualPrefixEvents|CollatzCylinderPacking.Arithmetic.InverseDoob.abs_tsum_indicator_sub_le._simp_1_1|public|propext
AUDIT_AXIOMS|ActualPrefixEvents|CollatzCylinderPacking.Arithmetic.InverseDoob.abs_tsum_indicator_sub_le|public|propext,Classical.choice,Quot.sound
AUDIT_AXIOMS|ActualPrefixEvents|CollatzCylinderPacking.Arithmetic.InverseDoob.prefixEventSourceMass.eq_1|public|propext,Classical.choice,Quot.sound
AUDIT_AXIOMS|ActualPrefixEvents|CollatzCylinderPacking.Arithmetic.InverseDoob.prefixSourceWeight_nonzero|public|propext,Classical.choice,Quot.sound
AUDIT_AXIOMS|ActualPrefixEvents|CollatzCylinderPacking.Arithmetic.InverseDoob.measurableSet_prefixEvent|public|propext,Classical.choice,Quot.sound
AUDIT_AXIOMS|ActualPrefixEvents|CollatzCylinderPacking.Arithmetic.InverseDoob.prefixEventSourceMass|public|propext,Classical.choice,Quot.sound
AUDIT_AXIOMS|ActualPrefixEvents|CollatzCylinderPacking.Arithmetic.InverseDoob.prefixSourceWeight_event_sum_le|public|propext,Classical.choice,Quot.sound
AUDIT_AXIOMS|ActualPrefixEvents|CollatzCylinderPacking.Arithmetic.InverseDoob.prefixEvent_probability_tsum|public|propext,Classical.choice,Quot.sound
AUDIT_AXIOMS|ActualPrefixEvents|CollatzCylinderPacking.Arithmetic.InverseDoob.prefixEventSourceMass_le_bad|public|propext,Classical.choice,Quot.sound
AUDIT_AXIOMS|ActualPrefixEvents|CollatzCylinderPacking.Arithmetic.InverseDoob.abs_tsum_indicator_sub_le._simp_1_2|public|propext,Quot.sound
AUDIT_AXIOMS|ActualPrefixEvents|CollatzCylinderPacking.Arithmetic.InverseDoob.prefixEvent|public|propext,Classical.choice,Quot.sound
AUDIT_AXIOMS|ActualPrefixEvents|CollatzCylinderPacking.Arithmetic.InverseDoob.actual_prefix_event_source_limit|public|propext,Classical.choice,Quot.sound
AUDIT_AXIOMS|ActualPrefixEvents|CollatzCylinderPacking.Arithmetic.InverseDoob.prefixEvent.eq_1|public|propext,Classical.choice,Quot.sound
AUDIT_AXIOMS|ActualPrefixEvents|CollatzCylinderPacking.Arithmetic.InverseDoob.finset_sum_le_of_unique_nonzero|public|propext,Classical.choice,Quot.sound
AUDIT_AXIOMS|ActualPrefixEvents|CollatzCylinderPacking.Arithmetic.InverseDoob.actual_prefix_event_probability_le|public|propext,Classical.choice,Quot.sound
AUDIT_AXIOMS|FiniteLadderClockEvent|CollatzCylinderPacking.Arithmetic.InverseDoob.finiteLadderClock_failure_probability_of_source_good|public|propext,Classical.choice,Quot.sound
AUDIT_AXIOMS|FiniteLadderClockEvent|CollatzCylinderPacking.Arithmetic.InverseDoob.lastVisitDepthBound_le_ladderPrefixDepth._proof_1_1|public|propext,Quot.sound
AUDIT_AXIOMS|FiniteLadderClockEvent|CollatzCylinderPacking.Arithmetic.InverseDoob.finiteLadderClockEvent_compl_eq_prefixEvent|public|propext,Classical.choice,Quot.sound
AUDIT_AXIOMS|FiniteLadderClockEvent|CollatzCylinderPacking.Arithmetic.InverseDoob.finiteLadderBadPrefixes|public|propext,Classical.choice,Quot.sound
AUDIT_AXIOMS|FiniteLadderClockEvent|CollatzCylinderPacking.Arithmetic.InverseDoob.logarithmicCumulative_oddEventWeight|public|propext,Classical.choice,Quot.sound
AUDIT_AXIOMS|FiniteLadderClockEvent|CollatzCylinderPacking.Arithmetic.InverseDoob.finiteLadderClockEvent_prefix_congr|public|propext,Classical.choice,Quot.sound
AUDIT_AXIOMS|FiniteLadderClockEvent|CollatzCylinderPacking.Arithmetic.InverseDoob.measurableSet_finiteLadderClockEvent|public|propext,Classical.choice,Quot.sound
AUDIT_AXIOMS|FiniteLadderClockEvent|CollatzCylinderPacking.Arithmetic.InverseDoob.ladderPrefixDepth|public|propext,Classical.choice,Quot.sound
AUDIT_AXIOMS|FiniteLadderClockEvent|CollatzCylinderPacking.Arithmetic.InverseDoob.lastVisitDepthBound_le_ladderPrefixDepth|public|propext,Classical.choice,Quot.sound
AUDIT_AXIOMS|FiniteLadderClockEvent|CollatzCylinderPacking.Arithmetic.InverseDoob.oddEventWeight_odd_mask|public|propext,Classical.choice,Quot.sound
AUDIT_AXIOMS|ActualLadderClock|CollatzCylinderPacking.Arithmetic.InverseDoob.validPrefix_finiteLadderClockEvent_of_source_good._proof_1_2|public|propext,Classical.choice,Quot.sound
AUDIT_AXIOMS|ActualLadderClock|CollatzCylinderPacking.Arithmetic.InverseDoob.validPrefix_finiteLadderClockEvent_of_source_good|public|propext,Classical.choice,Quot.sound
AUDIT_AXIOMS|ActualLadderClock|CollatzCylinderPacking.Arithmetic.InverseDoob.actual_finite_ladder_clock_failure_probability|public|propext,Classical.choice,Quot.sound
AUDIT_AXIOMS|ActualLadderClock|CollatzCylinderPacking.Arithmetic.InverseDoob.actual_reference_ladder_clock_ae|public|propext,Classical.choice,Quot.sound
AUDIT_AXIOMS|ActualLadderClock|CollatzCylinderPacking.Arithmetic.InverseDoob.validPrefix_finiteLadderClockEvent_of_source_good._proof_1_1|public|propext,Classical.choice,Quot.sound
AUDIT_AXIOMS|ActualInversePathGrowth|CollatzCylinderPacking.Arithmetic.InverseDoob.IsActualInversePath.log_growth_over_gap|public|propext,Classical.choice,Quot.sound
AUDIT_AXIOMS|ActualInversePathGrowth|CollatzCylinderPacking.Arithmetic.InverseDoob.log_three_halves_nonneg|public|propext,Classical.choice,Quot.sound
AUDIT_AXIOMS|ActualInversePathGrowth|CollatzCylinderPacking.Arithmetic.InverseDoob.IsActualInversePath.log_backward_growth|public|propext,Classical.choice,Quot.sound
AUDIT_AXIOMS|ActualInversePathGrowth|CollatzCylinderPacking.Arithmetic.InverseDoob.inverseEndpoint_forward_growth._proof_1_1|public|propext,Quot.sound
AUDIT_AXIOMS|ActualInversePathGrowth|CollatzCylinderPacking.Arithmetic.InverseDoob.IsActualInversePath.log_growth_over_gap._proof_1_1|public|propext,Quot.sound
AUDIT_AXIOMS|ActualInversePathGrowth|CollatzCylinderPacking.Arithmetic.InverseDoob.inverseEndpoint_forward_growth|public|propext,Classical.choice,Quot.sound
AUDIT_AXIOMS|ActualInversePathGrowth|CollatzCylinderPacking.Arithmetic.InverseDoob.inverseEndpoint_log_forward_growth|public|propext,Classical.choice,Quot.sound
AUDIT_AXIOMS|InverseClockGeometry|CollatzCylinderPacking.Arithmetic.InverseDoob.ClockGeometry.height_bounds_of_uniform_last_clocks._proof_1_4|public|propext,Classical.choice,Quot.sound
AUDIT_AXIOMS|InverseClockGeometry|CollatzCylinderPacking.Arithmetic.InverseDoob.ClockGeometry.height_bounds_of_uniform_last_clocks._proof_1_1|public|propext,Classical.choice,Quot.sound
AUDIT_AXIOMS|InverseClockGeometry|CollatzCylinderPacking.Arithmetic.InverseDoob.ClockGeometry.bracket_height_bounds._simp_1_4|public|propext
AUDIT_AXIOMS|InverseClockGeometry|CollatzCylinderPacking.Arithmetic.InverseDoob.ClockGeometry.bracket_height_bounds._simp_1_7|public|propext
AUDIT_AXIOMS|InverseClockGeometry|CollatzCylinderPacking.Arithmetic.InverseDoob.ClockGeometry.bracket_height_bounds._simp_1_2|public|propext
AUDIT_AXIOMS|InverseClockGeometry|CollatzCylinderPacking.Arithmetic.InverseDoob.ClockGeometry.bracket_height_bounds._simp_1_6|public|propext,Classical.choice,Quot.sound
AUDIT_AXIOMS|InverseClockGeometry|CollatzCylinderPacking.Arithmetic.InverseDoob.ClockGeometry.eventual_height_bounds_of_eventual_last_clocks|public|propext,Classical.choice,Quot.sound
AUDIT_AXIOMS|InverseClockGeometry|CollatzCylinderPacking.Arithmetic.InverseDoob.ClockGeometry.eventual_height_bounds_of_eventual_last_clocks._proof_1_1|public|propext,Quot.sound
AUDIT_AXIOMS|InverseClockGeometry|CollatzCylinderPacking.Arithmetic.InverseDoob.ClockGeometry.height_bounds_of_uniform_last_clocks|public|propext,Classical.choice,Quot.sound
AUDIT_AXIOMS|InverseClockGeometry|CollatzCylinderPacking.Arithmetic.InverseDoob.ClockGeometry.bracket_height_bounds._simp_1_3|public|propext
AUDIT_AXIOMS|InverseClockGeometry|CollatzCylinderPacking.Arithmetic.InverseDoob.ClockGeometry.bracket_height_bounds._simp_1_5|public|propext
AUDIT_AXIOMS|InverseClockGeometry|CollatzCylinderPacking.Arithmetic.InverseDoob.ClockGeometry.height_bounds_of_uniform_last_clocks._proof_1_2|public|propext,Classical.choice,Quot.sound
AUDIT_AXIOMS|InverseClockGeometry|CollatzCylinderPacking.Arithmetic.InverseDoob.ClockGeometry.height_bounds_of_uniform_last_clocks._proof_1_3|public|propext,Classical.choice,Quot.sound
AUDIT_AXIOMS|InverseClockGeometry|CollatzCylinderPacking.Arithmetic.InverseDoob.ClockGeometry.eventual_height_band_of_last_clock_limit|public|propext,Classical.choice,Quot.sound
AUDIT_AXIOMS|InverseClockGeometry|CollatzCylinderPacking.Arithmetic.InverseDoob.ClockGeometry.bracket_height_bounds._simp_1_1|public|propext
AUDIT_AXIOMS|InverseClockGeometry|CollatzCylinderPacking.Arithmetic.InverseDoob.ClockGeometry.bracket_height_bounds|public|propext,Classical.choice,Quot.sound
AUDIT_AXIOMS|InverseClockGeometry|CollatzCylinderPacking.Arithmetic.InverseDoob.ClockGeometry.height_clock_of_refining_last_clock_grids|public|propext,Classical.choice,Quot.sound
AUDIT_AXIOMS|InverseClockRefinement|CollatzCylinderPacking.Arithmetic.InverseDoob.ClockGeometry.interlaced_exp_power|public|propext,Classical.choice,Quot.sound
AUDIT_AXIOMS|InverseClockRefinement|CollatzCylinderPacking.Arithmetic.InverseDoob.ClockGeometry.tendsto_of_finite_interlacing|public|propext,Classical.choice,Quot.sound
AUDIT_AXIOMS|InverseClockRefinement|CollatzCylinderPacking.Arithmetic.InverseDoob.ClockGeometry.ae_refined_clock_limits|public|propext,Classical.choice,Quot.sound
AUDIT_AXIOMS|InverseClockRefinement|CollatzCylinderPacking.Arithmetic.InverseDoob.ClockGeometry.refiningRatio.eq_1|public|propext,Classical.choice,Quot.sound
AUDIT_AXIOMS|InverseClockRefinement|CollatzCylinderPacking.Arithmetic.InverseDoob.ClockGeometry.refiningRatio|public|propext,Classical.choice,Quot.sound
AUDIT_AXIOMS|InverseClockRefinement|CollatzCylinderPacking.Arithmetic.InverseDoob.ClockGeometry.ae_height_clock_of_reference_limits|public|propext,Classical.choice,Quot.sound
AUDIT_AXIOMS|InverseClockRefinement|CollatzCylinderPacking.Arithmetic.InverseDoob.ClockGeometry.refiningRatio_pow._proof_1_1|public|propext,Quot.sound
AUDIT_AXIOMS|InverseClockRefinement|CollatzCylinderPacking.Arithmetic.InverseDoob.ClockGeometry.refiningRatio_pow|public|propext,Classical.choice,Quot.sound
AUDIT_AXIOMS|InverseClockRefinement|CollatzCylinderPacking.Arithmetic.InverseDoob.ClockGeometry.refiningRatio_tendsto_one|public|propext,Classical.choice,Quot.sound
AUDIT_AXIOMS|InverseClockRefinement|CollatzCylinderPacking.Arithmetic.InverseDoob.ClockGeometry.refined_clock_limit_of_reference_limits._proof_1_1|public|propext,Quot.sound
AUDIT_AXIOMS|InverseClockRefinement|CollatzCylinderPacking.Arithmetic.InverseDoob.ClockGeometry.refined_clock_limit_of_reference_limits|public|propext,Classical.choice,Quot.sound
AUDIT_AXIOMS|InverseClockRefinement|CollatzCylinderPacking.Arithmetic.InverseDoob.ClockGeometry.refiningRatio_one_lt|public|propext,Classical.choice,Quot.sound
AUDIT_AXIOMS|ActualInverseHeightClock|CollatzCylinderPacking.Arithmetic.InverseDoob.actual_inverse_height_clock_ae|public|propext,Classical.choice,Quot.sound
