AUDIT_AXIOMS|BelowIntermediateStageClock|CollatzCanonical.RawOccupation.lower_clock_stage_error_sum_le|public|propext,Classical.choice,Quot.sound
AUDIT_AXIOMS|BelowIntermediateStageClock|CollatzCanonical.RawOccupation.real_stage_clock_below._proof_1_1|public|propext,Quot.sound
AUDIT_AXIOMS|BelowIntermediateStageClock|CollatzCanonical.RawOccupation.global_clock_good_lower_segment|public|propext,Classical.choice,Quot.sound
AUDIT_AXIOMS|BelowIntermediateStageClock|CollatzCanonical.RawOccupation.real_stage_clock_below|public|propext,Classical.choice,Quot.sound
AUDIT_AXIOMS|BelowIntermediateStageClock|CollatzCanonical.RawOccupation.real_pass_landing_le|public|propext,Classical.choice,Quot.sound
AUDIT_AXIOMS|BoundedBottomPassageClock|CollatzCanonical.RawOccupation.actualBarrierTime_le_boundedBarrierRemainder._proof_1_1|public|propext,Quot.sound
AUDIT_AXIOMS|BoundedBottomPassageClock|CollatzCanonical.RawOccupation.global_clock_good_intermediate_first_hit|public|propext,Classical.choice,Quot.sound
AUDIT_AXIOMS|BoundedBottomPassageClock|CollatzCanonical.RawOccupation.below_intermediate_clock_with_bottom_remainder._proof_1_2|public|propext,Classical.choice,Quot.sound
AUDIT_AXIOMS|BoundedBottomPassageClock|CollatzCanonical.RawOccupation.below_intermediate_clock_with_bottom_remainder._proof_1_1|public|propext,Classical.choice,Quot.sound
AUDIT_AXIOMS|BoundedBottomPassageClock|CollatzCanonical.RawOccupation.global_clock_good_common_bottom_clock|public|propext,Classical.choice,Quot.sound
AUDIT_AXIOMS|BoundedBottomPassageClock|CollatzCanonical.RawOccupation.actualBarrierTime_le_boundedBarrierRemainder|public|propext,Classical.choice,Quot.sound
AUDIT_AXIOMS|BoundedBottomPassageClock|CollatzCanonical.RawOccupation.actualBarrierTime.eq_1|public|propext,Classical.choice,Quot.sound
AUDIT_AXIOMS|BoundedBottomPassageClock|CollatzCanonical.RawOccupation.actualBarrierTime|public|propext,Classical.choice,Quot.sound
AUDIT_AXIOMS|BoundedBottomPassageClock|CollatzCanonical.RawOccupation.real_first_hit_bounded_difference|public|propext,Classical.choice,Quot.sound
AUDIT_AXIOMS|BoundedBottomPassageClock|CollatzCanonical.RawOccupation.boundedBarrierRemainder|public|propext,Classical.choice,Quot.sound
AUDIT_AXIOMS|BoundedBottomPassageClock|CollatzCanonical.RawOccupation.actualBarrierTime_eq_of_first_hit|public|propext,Classical.choice,Quot.sound
AUDIT_AXIOMS|BoundedBottomPassageClock|CollatzCanonical.RawOccupation.below_intermediate_clock_with_bottom_remainder|public|propext,Classical.choice,Quot.sound
AUDIT_AXIOMS|BoundedBottomPassageClock|CollatzCanonical.RawOccupation.actualBarrierTime_first_hit|public|propext,Classical.choice,Quot.sound
AUDIT_AXIOMS|FiniteSyracuseClockConfinement|CollatzCanonical.RawOccupation.exists_time_grid_interval._proof_1_2|public|propext,Quot.sound
AUDIT_AXIOMS|FiniteSyracuseClockConfinement|CollatzCanonical.RawOccupation.exists_time_grid_interval._proof_1_3|public|propext,Quot.sound
AUDIT_AXIOMS|FiniteSyracuseClockConfinement|CollatzCanonical.RawOccupation.exists_time_grid_interval|public|propext,Quot.sound
AUDIT_AXIOMS|FiniteSyracuseClockConfinement|CollatzCanonical.RawOccupation.finite_clock_grid_step_bound|public|propext,Classical.choice,Quot.sound
AUDIT_AXIOMS|FiniteSyracuseClockConfinement|CollatzCanonical.RawOccupation.finite_clock_grid_confinement._proof_1_2|public|propext,Quot.sound
AUDIT_AXIOMS|FiniteSyracuseClockConfinement|CollatzCanonical.RawOccupation.syracuse_add_one_growth|public|propext,Classical.choice,Quot.sound
AUDIT_AXIOMS|FiniteSyracuseClockConfinement|CollatzCanonical.RawOccupation.syracuse_iterate_add_one_growth|public|propext,Classical.choice,Quot.sound
AUDIT_AXIOMS|FiniteSyracuseClockConfinement|CollatzCanonical.RawOccupation.finite_clock_grid_confinement._proof_1_1|public|propext,Quot.sound
AUDIT_AXIOMS|FiniteSyracuseClockConfinement|CollatzCanonical.RawOccupation.finite_clock_grid_confinement|public|propext,Classical.choice,Quot.sound
AUDIT_AXIOMS|FiniteSyracuseClockConfinement|CollatzCanonical.RawOccupation.syracuse_segment_confinement|public|propext,Classical.choice,Quot.sound
AUDIT_AXIOMS|FiniteSyracuseClockConfinement|CollatzCanonical.RawOccupation.exists_time_grid_interval._proof_1_1|public|propext,Quot.sound
AUDIT_AXIOMS|PreBarrierWeightedOccupation|CollatzCanonical.RawOccupation.syracuse_first_passage_prefix_injective|public|propext,Classical.choice,Quot.sound
AUDIT_AXIOMS|PreBarrierWeightedOccupation|CollatzCanonical.RawOccupation.oddTargetOccupation_nonneg|public|propext,Classical.choice,Quot.sound
AUDIT_AXIOMS|PreBarrierWeightedOccupation|CollatzCanonical.RawOccupation.preBarrier_occupation_lower._proof_1_1|public|propext,Classical.choice,Quot.sound
AUDIT_AXIOMS|PreBarrierWeightedOccupation|CollatzCanonical.RawOccupation.exists_uniform_preBarrier_firstHitWeight_lower|public|propext,Classical.choice,Quot.sound
AUDIT_AXIOMS|PreBarrierWeightedOccupation|CollatzCanonical.RawOccupation.oddTargetOccupation|public|propext,Classical.choice,Quot.sound
AUDIT_AXIOMS|PreBarrierWeightedOccupation|CollatzCanonical.RawOccupation.syracuse_first_passage_prefix_injective._proof_1_1|public|propext,Classical.choice,Quot.sound
AUDIT_AXIOMS|PreBarrierWeightedOccupation|CollatzCanonical.RawOccupation.exists_finite_clock_grid_occupation_lower|public|propext,Classical.choice,Quot.sound
AUDIT_AXIOMS|PreBarrierWeightedOccupation|CollatzCanonical.RawOccupation.preBarrier_occupation_lower._proof_1_2|public|propext,Quot.sound
AUDIT_AXIOMS|PreBarrierWeightedOccupation|CollatzCanonical.RawOccupation.preBarrier_occupation_lower|public|propext,Classical.choice,Quot.sound
AUDIT_AXIOMS|PreBarrierWeightedOccupation|CollatzCanonical.RawOccupation.exists_uniform_preBarrier_firstHitWeight_lower._proof_1_1|public|propext,Classical.choice,Quot.sound
AUDIT_AXIOMS|PreBarrierWeightedOccupation|CollatzCanonical.RawOccupation.firstHitWeight_self|public|propext,Classical.choice,Quot.sound
AUDIT_AXIOMS|AlignedLadderOccupation|CollatzCanonical.RawOccupation.commonBottomClockError._proof_2|public|propext
AUDIT_AXIOMS|AlignedLadderOccupation|CollatzCanonical.RawOccupation.commonBottomClockError._proof_1|public|propext
AUDIT_AXIOMS|AlignedLadderOccupation|CollatzCanonical.RawOccupation.aligned_clock_witness_first_hit|public|propext,Classical.choice,Quot.sound
AUDIT_AXIOMS|AlignedLadderOccupation|CollatzCanonical.RawOccupation.commonBottomClockError|public|propext,Classical.choice,Quot.sound
AUDIT_AXIOMS|AlignedLadderOccupation|CollatzCanonical.RawOccupation.AlignedClockWitness|public|propext,Classical.choice,Quot.sound
AUDIT_AXIOMS|AlignedLadderOccupation|CollatzCanonical.RawOccupation.exists_aligned_clock_base|public|propext,Classical.choice,Quot.sound
AUDIT_AXIOMS|AlignedLadderOccupation|CollatzCanonical.RawOccupation.exists_aligned_ladder_occupation_lower|public|propext,Classical.choice,Quot.sound
AUDIT_AXIOMS|AlignedLadderOccupation|CollatzCanonical.RawOccupation.aligned_clock_witness_error|public|propext,Classical.choice,Quot.sound
AUDIT_AXIOMS|ClosedWindowCumulativeAdapter|CollatzCanonical.RawOccupation.odd_normalized_cumulative_eventual_le_of_ladder_windows._simp_1_3|public|propext
AUDIT_AXIOMS|ClosedWindowCumulativeAdapter|CollatzCanonical.RawOccupation.odd_normalized_cumulative_eventual_le_of_ladder_windows._simp_1_5|public|propext
AUDIT_AXIOMS|ClosedWindowCumulativeAdapter|CollatzCanonical.RawOccupation.odd_cumulative_envelope_of_geometric_windows|public|propext,Classical.choice,Quot.sound
AUDIT_AXIOMS|ClosedWindowCumulativeAdapter|CollatzCanonical.RawOccupation.odd_cumulative_envelope_of_ladder_windows|public|propext,Classical.choice,Quot.sound
AUDIT_AXIOMS|ClosedWindowCumulativeAdapter|CollatzCanonical.RawOccupation.odd_normalized_cumulative_eventual_le_of_ladder_windows|public|propext,Classical.choice,Quot.sound
AUDIT_AXIOMS|ClosedWindowCumulativeAdapter|CollatzCanonical.RawOccupation.odd_normalized_cumulative_eventual_le_of_ladder_windows._simp_1_2|public|propext
AUDIT_AXIOMS|ClosedWindowCumulativeAdapter|CollatzCanonical.RawOccupation.odd_normalized_cumulative_eventual_le_of_ladder_windows._simp_1_6|public|propext,Classical.choice,Quot.sound
AUDIT_AXIOMS|ClosedWindowCumulativeAdapter|CollatzCanonical.RawOccupation.odd_normalized_cumulative_eventual_le_of_ladder_windows._simp_1_4|public|propext
AUDIT_AXIOMS|ClosedWindowCumulativeAdapter|CollatzCanonical.RawOccupation.odd_normalized_cumulative_eventual_le_of_ladder_windows._simp_1_7|public|propext
AUDIT_AXIOMS|ClosedWindowCumulativeAdapter|CollatzCanonical.RawOccupation.odd_normalized_cumulative_eventual_le_of_ladder_windows._simp_1_1|public|propext
AUDIT_AXIOMS|FixedLadderGoodCumulative|CollatzCanonical.RawOccupation.fixedLadderGoodEvent_failure_cumulative_envelope|public|propext,Classical.choice,Quot.sound
AUDIT_AXIOMS|FixedLadderGoodCumulative|CollatzCanonical.RawOccupation.fixedLadderGoodEvent|public|propext,Classical.choice,Quot.sound
AUDIT_AXIOMS|FixedLadderGoodCumulative|CollatzCanonical.RawOccupation.fixedLadderGoodEvent_failure_probability|public|propext,Classical.choice,Quot.sound
AUDIT_AXIOMS|FixedLadderGoodCumulative|CollatzCanonical.RawOccupation.fixedLadderGoodEvent_failure_subset|public|propext,Classical.choice,Quot.sound
AUDIT_AXIOMS|FixedLadderGoodCumulative|CollatzCanonical.RawOccupation.fixedLadderGoodEvent_failure_normalized_cumulative|public|propext,Classical.choice,Quot.sound
AUDIT_AXIOMS|FixedLadderGoodCumulative|CollatzCanonical.RawOccupation.fixedLadderGoodEvent_closed_window_bound|public|propext,Classical.choice,Quot.sound
AUDIT_AXIOMS|FiniteOccupationSourceMean|CollatzCanonical.RawOccupation.oddTargetDensitySum.eq_1|public|propext,Classical.choice,Quot.sound
AUDIT_AXIOMS|FiniteOccupationSourceMean|CollatzCanonical.RawOccupation.oddTargetDensitySum|public|propext,Classical.choice,Quot.sound
AUDIT_AXIOMS|FiniteOccupationSourceMean|CollatzCanonical.RawOccupation.oddTargetOccupation_normalized_odd_mean|public|propext,Classical.choice,Quot.sound
AUDIT_AXIOMS|FiniteOccupationSourceMean|CollatzCanonical.RawOccupation.oddTargetOccupation_cumulative|public|propext,Classical.choice,Quot.sound
AUDIT_AXIOMS|FiniteOccupationSourceMean|CollatzCanonical.RawOccupation.le_oddTargetDensitySum_of_eventually_le|public|propext,Classical.choice,Quot.sound
AUDIT_AXIOMS|FiniteOccupationEventLower|_private.FiniteOccupationEventLower.0.CollatzCanonical.RawOccupation.odd_cumulative_mono|private|propext,Classical.choice,Quot.sound
AUDIT_AXIOMS|FiniteOccupationEventLower|CollatzCanonical.RawOccupation.finite_occupation_density_lower_of_bad_envelopes|public|propext,Classical.choice,Quot.sound
AUDIT_AXIOMS|FiniteOccupationEventLower|CollatzCanonical.RawOccupation.occupation_plus_bad_event_bound|public|propext,Classical.choice,Quot.sound
AUDIT_AXIOMS|FiniteOccupationEventLower|CollatzCanonical.RawOccupation.finite_occupation_density_lower_of_bad_envelopes._simp_1_3|public|propext
AUDIT_AXIOMS|FiniteOccupationEventLower|CollatzCanonical.RawOccupation.finite_occupation_density_lower_of_bad_envelopes._simp_1_1|public|propext
AUDIT_AXIOMS|FiniteOccupationEventLower|_private.FiniteOccupationEventLower.0.CollatzCanonical.RawOccupation.odd_cumulative_mono._simp_1_1|private|propext
AUDIT_AXIOMS|FiniteOccupationEventLower|CollatzCanonical.RawOccupation.occupation_cumulative_lower_with_bad_events|public|propext,Classical.choice,Quot.sound
AUDIT_AXIOMS|FiniteOccupationEventLower|CollatzCanonical.RawOccupation.finite_occupation_density_lower_of_bad_envelopes._simp_1_5|public|propext
AUDIT_AXIOMS|FiniteOccupationEventLower|_private.FiniteOccupationEventLower.0.CollatzCanonical.RawOccupation.odd_cumulative_add|private|propext,Classical.choice,Quot.sound
AUDIT_AXIOMS|FiniteOccupationEventLower|CollatzCanonical.RawOccupation.finite_occupation_density_lower_of_bad_envelopes._simp_1_6|public|propext,Classical.choice,Quot.sound
AUDIT_AXIOMS|FiniteOccupationEventLower|CollatzCanonical.RawOccupation.finite_occupation_density_lower_of_bad_envelopes._simp_1_4|public|propext
AUDIT_AXIOMS|FiniteOccupationEventLower|_private.FiniteOccupationEventLower.0.CollatzCanonical.RawOccupation.odd_cumulative_sum|private|propext,Classical.choice,Quot.sound
AUDIT_AXIOMS|FiniteOccupationEventLower|CollatzCanonical.RawOccupation.finite_occupation_density_lower_of_bad_envelopes._simp_1_7|public|propext
AUDIT_AXIOMS|FiniteOccupationEventLower|CollatzCanonical.RawOccupation.finite_occupation_density_lower_of_bad_envelopes._simp_1_2|public|propext
AUDIT_AXIOMS|FiniteOccupationEventLower|_private.FiniteOccupationEventLower.0.CollatzCanonical.RawOccupation.odd_cumulative_const_mul|private|propext,Classical.choice,Quot.sound
AUDIT_AXIOMS|FailureEnvelopeMonotonicity|CollatzCanonical.RawOccupation.clock_failure_envelope_antitone|public|propext,Classical.choice,Quot.sound
AUDIT_AXIOMS|FailureEnvelopeMonotonicity|CollatzCanonical.RawOccupation.clock_failure_envelope_nonneg|public|propext,Classical.choice,Quot.sound
AUDIT_AXIOMS|FailureEnvelopeMonotonicity|CollatzCanonical.RawOccupation.clock_failure_coefficient_nonneg|public|propext,Classical.choice,Quot.sound
AUDIT_AXIOMS|UniformAlignedOccupationLower|CollatzCanonical.RawOccupation.finite_occupation_density_lower_from_ladders|public|propext,Classical.choice,Quot.sound
AUDIT_AXIOMS|UniformAlignedOccupationLower|CollatzCanonical.RawOccupation.finiteOccupationLowerValue|public|propext,Classical.choice,Quot.sound
AUDIT_AXIOMS|UniformAlignedOccupationLower|CollatzCanonical.RawOccupation.fixed_ladder_good_bottom|public|propext,Classical.choice,Quot.sound
AUDIT_AXIOMS|UniformAlignedOccupationLower|CollatzCanonical.RawOccupation.fixedLadderGoodEvent.congr_simp|public|propext,Classical.choice,Quot.sound
AUDIT_AXIOMS|UniformAlignedOccupationLower|CollatzCanonical.RawOccupation.finite_occupation_density_lower_from_ladders._proof_1_2|public|propext,Quot.sound
AUDIT_AXIOMS|UniformAlignedOccupationLower|CollatzCanonical.RawOccupation.finite_occupation_density_lower_from_ladders._proof_1_3|public|propext,Quot.sound
AUDIT_AXIOMS|UniformAlignedOccupationLower|CollatzCanonical.RawOccupation.finiteOccupationLowerValue.eq_1|public|propext,Classical.choice,Quot.sound
AUDIT_AXIOMS|UniformAlignedOccupationLower|CollatzCanonical.RawOccupation.exists_uniform_finite_occupation_density_lower|public|propext,Classical.choice,Quot.sound
AUDIT_AXIOMS|UniformAlignedOccupationLower|CollatzCanonical.RawOccupation.finite_occupation_density_lower_from_ladders._proof_1_4|public|propext,Quot.sound
AUDIT_AXIOMS|ClockGridAsymptotics|CollatzCanonical.RawOccupation.clock_grid_uniform_growth_budget._simp_1_3|public|propext
AUDIT_AXIOMS|ClockGridAsymptotics|CollatzCanonical.RawOccupation.commonBottomClockError_div_log_tendsto_zero|public|propext,Classical.choice,Quot.sound
AUDIT_AXIOMS|ClockGridAsymptotics|CollatzCanonical.RawOccupation.clock_grid_uniform_growth_budget._simp_1_1|public|propext
AUDIT_AXIOMS|ClockGridAsymptotics|CollatzCanonical.RawOccupation.clock_grid_uniform_growth_budget._simp_1_6|public|propext,Classical.choice,Quot.sound
AUDIT_AXIOMS|ClockGridAsymptotics|CollatzCanonical.RawOccupation.clock_grid_uniform_growth_budget._simp_1_4|public|propext
AUDIT_AXIOMS|ClockGridAsymptotics|CollatzCanonical.RawOccupation.clock_grid_uniform_growth_budget._simp_1_2|public|propext
AUDIT_AXIOMS|ClockGridAsymptotics|CollatzCanonical.RawOccupation.clock_grid_uniform_growth_budget._simp_1_7|public|propext
AUDIT_AXIOMS|ClockGridAsymptotics|CollatzCanonical.RawOccupation.clock_grid_uniform_growth_budget|public|propext,Classical.choice,Quot.sound
AUDIT_AXIOMS|ClockGridAsymptotics|CollatzCanonical.RawOccupation.clock_grid_uniform_growth_budget._simp_1_5|public|propext
AUDIT_AXIOMS|OccupationLowerValueLimit|CollatzCanonical.RawOccupation.finiteOccupationLowerValue_div_log_tendsto._simp_1_5|public|propext
AUDIT_AXIOMS|OccupationLowerValueLimit|CollatzCanonical.RawOccupation.finiteOccupationLowerValue_div_log_tendsto._simp_1_4|public|propext
AUDIT_AXIOMS|OccupationLowerValueLimit|CollatzCanonical.RawOccupation.finiteOccupationLowerValue_div_log_tendsto._simp_1_7|public|propext,Classical.choice,Quot.sound
AUDIT_AXIOMS|OccupationLowerValueLimit|CollatzCanonical.RawOccupation.finiteOccupationLowerValue_div_log_tendsto._simp_1_2|public|propext
AUDIT_AXIOMS|OccupationLowerValueLimit|CollatzCanonical.RawOccupation.finiteOccupationLowerValue_div_log_tendsto._simp_1_6|public|propext
AUDIT_AXIOMS|OccupationLowerValueLimit|CollatzCanonical.RawOccupation.preBarrier_weight_lower_tendsto_one|public|propext,Classical.choice,Quot.sound
AUDIT_AXIOMS|OccupationLowerValueLimit|CollatzCanonical.RawOccupation.finiteOccupationLower_coefficient_tendsto|public|propext,Classical.choice,Quot.sound
AUDIT_AXIOMS|OccupationLowerValueLimit|CollatzCanonical.RawOccupation.finiteOccupationLowerValue_div_log_tendsto._simp_1_3|public|propext
AUDIT_AXIOMS|OccupationLowerValueLimit|CollatzCanonical.RawOccupation.finiteOccupationLowerValue_div_log_tendsto._simp_1_8|public|propext
AUDIT_AXIOMS|OccupationLowerValueLimit|CollatzCanonical.RawOccupation.finiteOccupationLowerValue_div_log_tendsto._proof_1_1|public|propext,Quot.sound
AUDIT_AXIOMS|OccupationLowerValueLimit|CollatzCanonical.RawOccupation.finiteOccupationLowerValue_div_log_tendsto|public|propext,Classical.choice,Quot.sound
AUDIT_AXIOMS|FinitePowerClockGrid|CollatzCanonical.RawOccupation.finitePowerClockGrid_bounds|public|propext,Classical.choice,Quot.sound
AUDIT_AXIOMS|FinitePowerClockGrid|CollatzCanonical.RawOccupation.finitePowerExponent|public|propext,Classical.choice,Quot.sound
AUDIT_AXIOMS|FinitePowerClockGrid|CollatzCanonical.RawOccupation.finitePowerClockGrid_min_tendsto|public|propext,Classical.choice,Quot.sound
AUDIT_AXIOMS|FinitePowerClockGrid|CollatzCanonical.RawOccupation.finitePowerClockGrid_log|public|propext,Classical.choice,Quot.sound
AUDIT_AXIOMS|FinitePowerClockGrid|CollatzCanonical.RawOccupation.finitePowerStep|public|propext,Classical.choice,Quot.sound
AUDIT_AXIOMS|FinitePowerClockGrid|CollatzCanonical.RawOccupation.exists_finitePowerStep_clock_margin|public|propext,Classical.choice,Quot.sound
AUDIT_AXIOMS|FinitePowerClockGrid|CollatzCanonical.RawOccupation.finitePowerExponent.eq_1|public|propext,Classical.choice,Quot.sound
AUDIT_AXIOMS|FinitePowerClockGrid|CollatzCanonical.RawOccupation.finitePowerExponent_zero|public|propext,Classical.choice,Quot.sound
AUDIT_AXIOMS|FinitePowerClockGrid|CollatzCanonical.RawOccupation.finitePowerClockGrid_descending|public|propext,Classical.choice,Quot.sound
AUDIT_AXIOMS|FinitePowerClockGrid|CollatzCanonical.RawOccupation.finitePowerClockGrid_log_gap|public|propext,Classical.choice,Quot.sound
AUDIT_AXIOMS|FinitePowerClockGrid|CollatzCanonical.RawOccupation.finitePowerClockGrid.eq_1|public|propext,Classical.choice,Quot.sound
AUDIT_AXIOMS|FinitePowerClockGrid|CollatzCanonical.RawOccupation.finitePowerClockGrid_zero|public|propext,Classical.choice,Quot.sound
AUDIT_AXIOMS|FinitePowerClockGrid|CollatzCanonical.RawOccupation.finitePowerExponent_last|public|propext,Classical.choice,Quot.sound
AUDIT_AXIOMS|FinitePowerClockGrid|CollatzCanonical.RawOccupation.finitePowerClockGrid_eventually_above|public|propext,Classical.choice,Quot.sound
AUDIT_AXIOMS|FinitePowerClockGrid|CollatzCanonical.RawOccupation.finitePowerExponent_succ|public|propext,Classical.choice,Quot.sound
AUDIT_AXIOMS|FinitePowerClockGrid|CollatzCanonical.RawOccupation.finitePowerStep_pos|public|propext,Classical.choice,Quot.sound
AUDIT_AXIOMS|FinitePowerClockGrid|CollatzCanonical.RawOccupation.finitePowerClockGrid_eventual_hypotheses|public|propext,Classical.choice,Quot.sound
AUDIT_AXIOMS|FinitePowerClockGrid|CollatzCanonical.RawOccupation.finitePowerClockGrid|public|propext,Classical.choice,Quot.sound
AUDIT_AXIOMS|FinitePowerClockGrid|CollatzCanonical.RawOccupation.finitePowerClockGrid_last|public|propext,Classical.choice,Quot.sound
AUDIT_AXIOMS|FinitePowerClockGrid|CollatzCanonical.RawOccupation.finitePowerClockGrid_log_last|public|propext,Classical.choice,Quot.sound
AUDIT_AXIOMS|FinitePowerClockGrid|CollatzCanonical.RawOccupation.finitePowerStep_mul|public|propext,Classical.choice,Quot.sound
AUDIT_AXIOMS|FinitePowerClockGrid|CollatzCanonical.RawOccupation.finitePowerClockGrid_eventual_budgets|public|propext,Classical.choice,Quot.sound
AUDIT_AXIOMS|FinitePowerClockGrid|CollatzCanonical.RawOccupation.finitePowerStep_le|public|propext,Classical.choice,Quot.sound
AUDIT_AXIOMS|FinitePowerClockGrid|CollatzCanonical.RawOccupation.finitePowerExponent_bounds|public|propext,Classical.choice,Quot.sound
AUDIT_AXIOMS|RawOccupationAsymptoticLower|CollatzCanonical.RawOccupation.actual_raw_occupation_eventual_lower|public|propext,Classical.choice,Quot.sound
AUDIT_AXIOMS|RawOccupationAsymptoticLower|CollatzCanonical.RawOccupation.actual_raw_occupation_eventual_lower._proof_1_1|public|propext,Quot.sound
AUDIT_AXIOMS|DivergentPostBarrierOccupation|CollatzCanonical.RawOccupation.preBarrier_target_ne_divergent_future._proof_1_2|public|propext,Classical.choice,Quot.sound
AUDIT_AXIOMS|DivergentPostBarrierOccupation|CollatzCanonical.RawOccupation.divergent_future_occupation_lower|public|propext,Classical.choice,Quot.sound
AUDIT_AXIOMS|DivergentPostBarrierOccupation|CollatzCanonical.RawOccupation.divergent_future_occupation_lower._proof_1_1|public|propext,Classical.choice,Quot.sound
AUDIT_AXIOMS|DivergentPostBarrierOccupation|CollatzCanonical.RawOccupation.preBarrier_occupation_add_divergent_future._proof_1_1|public|propext,Classical.choice,Quot.sound
AUDIT_AXIOMS|DivergentPostBarrierOccupation|CollatzCanonical.RawOccupation.firstHitWeight_factor_through_divergent_root|public|propext,Classical.choice,Quot.sound
AUDIT_AXIOMS|DivergentPostBarrierOccupation|CollatzCanonical.RawOccupation.preBarrier_occupation_add_divergent_future._proof_1_2|public|propext,Classical.choice,Quot.sound
AUDIT_AXIOMS|DivergentPostBarrierOccupation|CollatzCanonical.RawOccupation.preBarrier_occupation_add_divergent_future._proof_1_3|public|propext,Classical.choice,Quot.sound
AUDIT_AXIOMS|DivergentPostBarrierOccupation|CollatzCanonical.RawOccupation.preBarrier_occupation_add_divergent_future|public|propext,Classical.choice,Quot.sound
AUDIT_AXIOMS|DivergentPostBarrierOccupation|CollatzCanonical.RawOccupation.firstHitWeight_factor_through_divergent_root._proof_1_1|public|propext,Quot.sound
AUDIT_AXIOMS|DivergentPostBarrierOccupation|CollatzCanonical.RawOccupation.preBarrier_target_ne_divergent_future._proof_1_1|public|propext,Classical.choice,Quot.sound
AUDIT_AXIOMS|DivergentPostBarrierOccupation|CollatzCanonical.RawOccupation.preBarrier_target_ne_divergent_future|public|propext,Classical.choice,Quot.sound
