AUDIT_DECL|OrdinaryPredecessorPolynomialFloor|CollatzCanonical.PeriodicCensusFloor.ordinary_reaches_shortcut_step._proof_1_1
AUDIT_DECL|OrdinaryPredecessorPolynomialFloor|CollatzCanonical.PeriodicCensusFloor.raw_hit_implies_shortcut_hit_or_bypass._proof_1_5
AUDIT_DECL|OrdinaryPredecessorPolynomialFloor|CollatzCanonical.PeriodicCensusFloor.mem_ordinary_predecessors_iff._proof_1_1
AUDIT_DECL|OrdinaryPredecessorPolynomialFloor|CollatzCanonical.PeriodicCensusFloor.raw_hit_implies_shortcut_hit_or_bypass._proof_1_3
AUDIT_DECL|OrdinaryPredecessorPolynomialFloor|CollatzCanonical.PeriodicCensusFloor.raw_hit_implies_shortcut_hit_or_bypass._proof_1_2
AUDIT_DECL|OrdinaryPredecessorPolynomialFloor|CollatzCanonical.PeriodicCensusFloor.shortcut_basin_subset_ordinary_predecessors
AUDIT_DECL|OrdinaryPredecessorPolynomialFloor|CollatzCanonical.PeriodicCensusFloor.ordinary_predecessors_polynomial_lower_count._proof_1_1
AUDIT_DECL|OrdinaryPredecessorPolynomialFloor|CollatzCanonical.PeriodicCensusFloor.raw_hit_implies_shortcut_hit_or_bypass._proof_1_6
AUDIT_DECL|OrdinaryPredecessorPolynomialFloor|CollatzCanonical.PeriodicCensusFloor.ordinary_reaches_iff_shortcut_hit_or_bypass
AUDIT_DECL|OrdinaryPredecessorPolynomialFloor|CollatzCanonical.PeriodicCensusFloor.exists_uniform_ordinary_predecessor_polynomial_lower_count
AUDIT_DECL|OrdinaryPredecessorPolynomialFloor|CollatzCanonical.PeriodicCensusFloor.shortcut_targets_comparable
AUDIT_DECL|OrdinaryPredecessorPolynomialFloor|CollatzCanonical.PeriodicCensusFloor.shortcut_basin_subset_ordinary_predecessors._proof_1_2
AUDIT_DECL|OrdinaryPredecessorPolynomialFloor|CollatzCanonical.PeriodicCensusFloor.ordinary_reaches_shortcut_iterate
AUDIT_DECL|OrdinaryPredecessorPolynomialFloor|CollatzCanonical.PeriodicCensusFloor.ordinary_count_natural_density_exists
AUDIT_DECL|OrdinaryPredecessorPolynomialFloor|CollatzCanonical.PeriodicCensusFloor.ordinary_reaches_shortcut_step
AUDIT_DECL|OrdinaryPredecessorPolynomialFloor|CollatzCanonical.PeriodicCensusFloor.mem_ordinary_predecessors_iff
AUDIT_DECL|OrdinaryPredecessorPolynomialFloor|CollatzCanonical.PeriodicCensusFloor.shortcut_basin_prefix_le_ordinary_count
AUDIT_DECL|OrdinaryPredecessorPolynomialFloor|CollatzCanonical.PeriodicCensusFloor.exists_uniform_ordinary_predecessor_polynomial_natural_density
AUDIT_DECL|OrdinaryPredecessorPolynomialFloor|CollatzCanonical.PeriodicCensusFloor.shortcut_basin_subset_ordinary_predecessors._proof_1_1
AUDIT_DECL|OrdinaryPredecessorPolynomialFloor|CollatzCanonical.PeriodicCensusFloor.natCount_eq_indicator_sum
AUDIT_DECL|OrdinaryPredecessorPolynomialFloor|CollatzCanonical.PeriodicCensusFloor.ordinary_predecessors_polynomial_lower_count
AUDIT_DECL|OrdinaryPredecessorPolynomialFloor|CollatzCanonical.PeriodicCensusFloor.raw_hit_implies_shortcut_hit_or_bypass._proof_1_4
AUDIT_DECL|OrdinaryPredecessorPolynomialFloor|CollatzCanonical.PeriodicCensusFloor.ordinary_predecessors_polynomial_natural_density
AUDIT_DECL|OrdinaryPredecessorPolynomialFloor|CollatzCanonical.PeriodicCensusFloor.ordinary_predecessors_polynomial_lower_count._proof_1_2
AUDIT_DECL|OrdinaryPredecessorPolynomialFloor|CollatzCanonical.PeriodicCensusFloor.raw_hit_implies_shortcut_hit_or_bypass._proof_1_1
AUDIT_DECL|OrdinaryPredecessorPolynomialFloor|CollatzCanonical.PeriodicCensusFloor.ordinary_count_natural_density_ge_shortcut
AUDIT_DECL|OrdinaryPredecessorPolynomialFloor|CollatzCanonical.PeriodicCensusFloor.mem_ordinary_predecessors_iff._proof_1_3
AUDIT_DECL|OrdinaryPredecessorPolynomialFloor|CollatzCanonical.PeriodicCensusFloor.mem_ordinary_predecessors_iff._proof_1_2
AUDIT_DECL|OrdinaryPredecessorPolynomialFloor|CollatzCanonical.PeriodicCensusFloor.ordinary_reaches_shortcut_step._proof_1_2
AUDIT_DECL|OrdinaryPredecessorPolynomialFloor|CollatzCanonical.PeriodicCensusFloor.shortcut_hits_trans
AUDIT_DECL|OrdinaryPredecessorPolynomialFloor|CollatzCanonical.PeriodicCensusFloor.ordinary_reaches_iff_shortcut_hit_or_bypass._proof_1_1
AUDIT_DECL|OrdinaryPredecessorPolynomialFloor|CollatzCanonical.PeriodicCensusFloor.raw_hit_implies_shortcut_hit_or_bypass
AUDIT_DECL|OrdinaryPredecessorPolynomialFloor|CollatzCanonical.PeriodicCensusFloor.ordinary_reaches_iff_shortcut_hit_or_bypass._proof_1_2
