'CollatzCanonical.IntegerStationaryEnvelope.canonicalIntegerEnvelope_withDensity' depends on axioms: [propext,
 Classical.choice,
 Quot.sound]
'CollatzCanonical.IntegerStationaryEnvelope.canonicalIntegerEnvelope_lintegral_eq_one' depends on axioms: [propext,
 Classical.choice,
 Quot.sound]
'CollatzCanonical.IntegerStationaryEnvelope.canonicalIntegerEnvelope_uniform_unit_floor' depends on axioms: [propext,
 Classical.choice,
 Quot.sound]
'CollatzCanonical.IntegerStationaryEnvelope.canonicalIntegerEnvelope_natCast_eq' depends on axioms: [propext,
 Classical.choice,
 Quot.sound]
'CollatzCanonical.IntegerStationaryEnvelope.canonicalIntegerEnvelope_greatest' depends on axioms: [propext,
 Classical.choice,
 Quot.sound]
'CollatzCanonical.IntegerStationaryEnvelope.canonicalMinimumUnitMass_uniform_bounds' depends on axioms: [propext,
 Classical.choice,
 Quot.sound]
'CollatzCanonical.IntegerStationaryEnvelope.canonicalMinimumUnitMass_base_three_rate' depends on axioms: [propext,
 Classical.choice,
 Quot.sound]
'CollatzCanonical.IntegerStationaryEnvelope.canonicalRho_mean_abs_native_trace' depends on axioms: [propext,
 Classical.choice,
 Quot.sound]
'CollatzCanonical.IntegerStationaryEnvelope.actual_trace_residue_lower' depends on axioms: [propext,
 Classical.choice,
 Quot.sound]
'CollatzCanonical.IntegerStationaryEnvelope.canonicalIntegerEnvelope_infinity_closure' depends on axioms: [propext,
 Classical.choice,
 Quot.sound]
'CollatzCanonical.IntegerStationaryEnvelope.canonicalIntegerEnvelope_infinity_isGDelta' depends on axioms: [propext,
 Classical.choice,
 Quot.sound]
'CollatzCanonical.IntegerStationaryEnvelope.canonicalIntegerEnvelope_infinity_haar_null' depends on axioms: [propext,
 Classical.choice,
 Quot.sound]
'CollatzCanonical.IntegerStationaryEnvelope.actual_trace_unbounded_in_unit_cylinder' depends on axioms: [propext,
 Classical.choice,
 Quot.sound]
'CollatzCanonical.IntegerStationaryEnvelope.canonicalIntegerEnvelope_not_continuousAt_positive_unit' depends on axioms: [propext,
 Classical.choice,
 Quot.sound]
