AUDIT_AXIOMS|CylinderGrowthHeadTransport|CollatzCanonical.PeriodicCensusFloor.growthHead_endpoint_bound|public|propext,Classical.choice,Quot.sound
AUDIT_AXIOMS|CylinderGrowthHeadTransport|CollatzCanonical.PeriodicCensusFloor.valid_word_normalized_weight_le_reciprocal|public|propext,Classical.choice,Quot.sound
AUDIT_AXIOMS|CylinderGrowthHeadTransport|CollatzCanonical.PeriodicCensusFloor.cylinderGrowthHead._proof_2|public|propext
AUDIT_AXIOMS|CylinderGrowthHeadTransport|CollatzCanonical.PeriodicCensusFloor.finite_cylinderGrowthHead_transport|public|propext,Classical.choice,Quot.sound
AUDIT_AXIOMS|CylinderGrowthHeadTransport|CollatzCanonical.PeriodicCensusFloor.valid_odd_target_word_endpoint_unique|public|propext,Classical.choice,Quot.sound
AUDIT_AXIOMS|CylinderGrowthHeadTransport|CollatzCanonical.PeriodicCensusFloor.cylinder_le_growthHead_add_tail|public|propext,Classical.choice,Quot.sound
AUDIT_AXIOMS|CylinderGrowthHeadTransport|CollatzCanonical.PeriodicCensusFloor.cylinderGrowthHead._proof_1|public|propext
AUDIT_AXIOMS|CylinderGrowthHeadTransport|CollatzCanonical.PeriodicCensusFloor.cylinderGrowthHead_nonneg|public|propext,Classical.choice,Quot.sound
AUDIT_AXIOMS|CylinderGrowthHeadTransport|CollatzCanonical.PeriodicCensusFloor.odd_endpoint_time_eq_of_oddCount_eq|public|propext,Classical.choice,Quot.sound
AUDIT_AXIOMS|CylinderGrowthHeadTransport|CollatzCanonical.PeriodicCensusFloor.cylinderGrowthHead_le_cylinder|public|propext,Classical.choice,Quot.sound
AUDIT_AXIOMS|CylinderGrowthHeadTransport|CollatzCanonical.PeriodicCensusFloor.cylinderGrowthHead.eq_1|public|propext,Classical.choice,Quot.sound
AUDIT_AXIOMS|CylinderGrowthHeadTransport|CollatzCanonical.PeriodicCensusFloor.cylinderGrowthHead|public|propext,Classical.choice,Quot.sound
AUDIT_AXIOMS|OddDyadicReciprocalBudget|CollatzCanonical.PeriodicCensusFloor.finite_ternary_reciprocal_budget|public|propext,Classical.choice,Quot.sound
AUDIT_AXIOMS|OddDyadicReciprocalBudget|CollatzCanonical.PeriodicCensusFloor.finite_odd_reciprocal_le_odd_harmonic_prefix._proof_1_1|public|propext,Quot.sound
AUDIT_AXIOMS|OddDyadicReciprocalBudget|CollatzCanonical.PeriodicCensusFloor.finite_odd_reciprocal_le_odd_harmonic_prefix|public|propext,Classical.choice,Quot.sound
AUDIT_AXIOMS|OddDyadicReciprocalBudget|CollatzCanonical.PeriodicCensusFloor.finite_reciprocal_le_harmonic_prefix._proof_1_1|public|propext,Quot.sound
AUDIT_AXIOMS|OddDyadicReciprocalBudget|CollatzCanonical.PeriodicCensusFloor.finite_odd_dyadic_reciprocal_budget|public|propext,Classical.choice,Quot.sound
AUDIT_AXIOMS|OddDyadicReciprocalBudget|CollatzCanonical.PeriodicCensusFloor.finite_ternary_reciprocal_budget._proof_1_1|public|propext,Quot.sound
AUDIT_AXIOMS|OddDyadicReciprocalBudget|CollatzCanonical.PeriodicCensusFloor.finite_reciprocal_le_harmonic_prefix|public|propext,Classical.choice,Quot.sound
AUDIT_AXIOMS|FirstHitCutCapacity|CollatzCanonical.PeriodicCensusFloor.firstHit_cut_density|public|propext,Classical.choice,Quot.sound
AUDIT_AXIOMS|FirstHitCutCapacity|CollatzCanonical.PeriodicCensusFloor.finite_unit_nonperiodic_firstHit_coefficient_bound._proof_1_1|public|propext,Quot.sound
AUDIT_AXIOMS|FirstHitCutCapacity|CollatzCanonical.PeriodicCensusFloor.equal_depth_nonperiodic_leaves_disjoint|public|propext,Classical.choice,Quot.sound
AUDIT_AXIOMS|FirstHitCutCapacity|CollatzCanonical.PeriodicCensusFloor.prefix_avoids_target_of_nonperiodic_landing._proof_1_1|public|propext,Quot.sound
AUDIT_AXIOMS|FirstHitCutCapacity|CollatzCanonical.PeriodicCensusFloor.firstHit_cut_pointwise|public|propext,Classical.choice,Quot.sound
AUDIT_AXIOMS|FirstHitCutCapacity|CollatzCanonical.PeriodicCensusFloor.firstHit_cut_coefficient_bound|public|propext,Classical.choice,Quot.sound
AUDIT_AXIOMS|FirstHitCutCapacity|CollatzCanonical.PeriodicCensusFloor.logarithmicCumulative_finset_sum|public|propext,Classical.choice,Quot.sound
AUDIT_AXIOMS|FirstHitCutCapacity|CollatzCanonical.PeriodicCensusFloor.equal_depth_nonperiodic_leaves_disjoint._proof_1_1|public|propext,Classical.choice,Quot.sound
AUDIT_AXIOMS|FirstHitCutCapacity|CollatzCanonical.PeriodicCensusFloor.finite_unit_nonperiodic_firstHit_coefficient_bound|public|propext,Classical.choice,Quot.sound
AUDIT_AXIOMS|FirstHitCutCapacity|CollatzCanonical.PeriodicCensusFloor.prefix_avoids_target_of_nonperiodic_landing|public|propext,Quot.sound
AUDIT_AXIOMS|FirstHitCutCapacity|CollatzCanonical.PeriodicCensusFloor.nonperiodic_leaf_weight_factorization|public|propext,Classical.choice,Quot.sound
AUDIT_AXIOMS|SyracuseFirstHitGeometry|CollatzCanonical.PeriodicCensusFloor.syrFirstHit_iff_shortcut_firstHit|public|propext,Classical.choice,Quot.sound
AUDIT_AXIOMS|SyracuseFirstHitGeometry|CollatzCanonical.PeriodicCensusFloor.syracuse_predecessor_exponent_injective|public|propext,Classical.choice,Quot.sound
AUDIT_AXIOMS|SyracuseFirstHitGeometry|CollatzCanonical.PeriodicCensusFloor.shortcut_firstHit_odd_depth_iff_syrFirstHit|public|propext,Classical.choice,Quot.sound
AUDIT_AXIOMS|SyracuseFirstHitGeometry|CollatzCanonical.PeriodicCensusFloor.syrFirstHit_succ_iff._proof_1_2|public|propext,Classical.choice,Quot.sound
AUDIT_AXIOMS|SyracuseFirstHitGeometry|CollatzCanonical.PeriodicCensusFloor.SyrFirstHit|public|propext,Classical.choice,Quot.sound
AUDIT_AXIOMS|SyracuseFirstHitGeometry|CollatzCanonical.PeriodicCensusFloor.syrFirstHit_succ_iff._proof_1_1|public|propext,Classical.choice,Quot.sound
AUDIT_AXIOMS|SyracuseFirstHitGeometry|CollatzCanonical.PeriodicCensusFloor.syrFirstHit_prepend_nonperiodic|public|propext,Classical.choice,Quot.sound
AUDIT_AXIOMS|SyracuseFirstHitGeometry|CollatzCanonical.PeriodicCensusFloor.syracuse_predecessor_exponent_injective._proof_1_1|public|propext,Classical.choice,Quot.sound
AUDIT_AXIOMS|SyracuseFirstHitGeometry|CollatzCanonical.PeriodicCensusFloor.syrFirstHit_coefficient|public|propext,Classical.choice,Quot.sound
AUDIT_AXIOMS|SyracuseFirstHitGeometry|CollatzCanonical.PeriodicCensusFloor.syrFirstHit_coefficient_succ|public|propext,Classical.choice,Quot.sound
AUDIT_AXIOMS|SyracuseFirstHitGeometry|CollatzCanonical.PeriodicCensusFloor.syracuse_not_dvd_three|public|propext,Classical.choice,Quot.sound
AUDIT_AXIOMS|SyracuseFirstHitGeometry|CollatzCanonical.PeriodicCensusFloor.syrFirstHit_succ_iff|public|propext,Classical.choice,Quot.sound
AUDIT_AXIOMS|SyracuseUnitNonperiodicFan|CollatzCanonical.PeriodicCensusFloor.syracuse_of_power_relation|public|propext,Classical.choice,Quot.sound
AUDIT_AXIOMS|SyracuseUnitNonperiodicFan|CollatzCanonical.PeriodicCensusFloor.exists_two_short_unit_syracuse_predecessors._proof_1_9|public|propext,Classical.choice,Quot.sound
AUDIT_AXIOMS|SyracuseUnitNonperiodicFan|CollatzCanonical.PeriodicCensusFloor.odd_periodic_syracuse_injective|public|propext,Classical.choice,Quot.sound
AUDIT_AXIOMS|SyracuseUnitNonperiodicFan|CollatzCanonical.PeriodicCensusFloor.exists_short_inverse_syracuse|public|propext,Classical.choice,Quot.sound
AUDIT_AXIOMS|SyracuseUnitNonperiodicFan|CollatzCanonical.PeriodicCensusFloor.exists_short_unit_nonperiodic_syracuse_predecessor|public|propext,Classical.choice,Quot.sound
AUDIT_AXIOMS|SyracuseUnitNonperiodicFan|CollatzCanonical.PeriodicCensusFloor.exists_two_short_unit_syracuse_predecessors|public|propext,Classical.choice,Quot.sound
AUDIT_AXIOMS|SyracuseUnitNonperiodicFan|CollatzCanonical.PeriodicCensusFloor.exists_short_inverse_syracuse._proof_1_1|public|propext,Quot.sound
AUDIT_AXIOMS|SyracuseUnitNonperiodicFan|CollatzCanonical.PeriodicCensusFloor.exists_two_short_unit_syracuse_predecessors._proof_1_4|public|propext,Classical.choice,Quot.sound
AUDIT_AXIOMS|SyracuseUnitNonperiodicFan|CollatzCanonical.PeriodicCensusFloor.exists_short_inverse_syracuse._proof_1_6|public|propext,Quot.sound
AUDIT_AXIOMS|SyracuseUnitNonperiodicFan|CollatzCanonical.PeriodicCensusFloor.exists_short_unit_nonperiodic_syracuse_predecessor._proof_1_1|public|propext,Classical.choice,Quot.sound
AUDIT_AXIOMS|SyracuseUnitNonperiodicFan|CollatzCanonical.PeriodicCensusFloor.exists_two_short_unit_syracuse_predecessors._proof_1_11|public|propext,Classical.choice,Quot.sound
AUDIT_AXIOMS|SyracuseUnitNonperiodicFan|CollatzCanonical.PeriodicCensusFloor.odd_shortcut_periodic_syracuse_periodic._proof_1_2|public|propext,Quot.sound
AUDIT_AXIOMS|SyracuseUnitNonperiodicFan|CollatzCanonical.PeriodicCensusFloor.exists_short_inverse_syracuse._proof_1_5|public|propext,Quot.sound
AUDIT_AXIOMS|SyracuseUnitNonperiodicFan|CollatzCanonical.PeriodicCensusFloor.odd_shortcut_periodic_syracuse_periodic._proof_1_1|public|propext,Classical.choice,Quot.sound
AUDIT_AXIOMS|SyracuseUnitNonperiodicFan|CollatzCanonical.PeriodicCensusFloor.exists_two_short_unit_syracuse_predecessors._proof_1_7|public|propext,Classical.choice,Quot.sound
AUDIT_AXIOMS|SyracuseUnitNonperiodicFan|CollatzCanonical.PeriodicCensusFloor.exists_short_unit_nonperiodic_syracuse_predecessor._proof_1_2|public|propext,Classical.choice,Quot.sound
AUDIT_AXIOMS|SyracuseUnitNonperiodicFan|CollatzCanonical.PeriodicCensusFloor.exists_short_inverse_syracuse._proof_1_2|public|propext,Quot.sound
AUDIT_AXIOMS|SyracuseUnitNonperiodicFan|CollatzCanonical.PeriodicCensusFloor.exists_short_inverse_syracuse._proof_1_3|public|propext,Quot.sound
AUDIT_AXIOMS|SyracuseUnitNonperiodicFan|CollatzCanonical.PeriodicCensusFloor.exists_two_short_unit_syracuse_predecessors._proof_1_5|public|propext,Classical.choice,Quot.sound
AUDIT_AXIOMS|SyracuseUnitNonperiodicFan|CollatzCanonical.PeriodicCensusFloor.exists_two_short_unit_syracuse_predecessors._proof_1_6|public|propext,Classical.choice,Quot.sound
AUDIT_AXIOMS|SyracuseUnitNonperiodicFan|CollatzCanonical.PeriodicCensusFloor.odd_shortcut_periodic_syracuse_periodic|public|propext,Classical.choice,Quot.sound
AUDIT_AXIOMS|SyracuseUnitNonperiodicFan|CollatzCanonical.PeriodicCensusFloor.syracuse_of_power_relation._proof_1_1|public|propext,Quot.sound
AUDIT_AXIOMS|SyracuseUnitNonperiodicFan|CollatzCanonical.PeriodicCensusFloor.exists_two_short_unit_syracuse_predecessors._proof_1_8|public|propext,Classical.choice,Quot.sound
AUDIT_AXIOMS|SyracuseUnitNonperiodicFan|CollatzCanonical.PeriodicCensusFloor.exists_short_inverse_syracuse._proof_1_4|public|propext,Quot.sound
AUDIT_AXIOMS|SyracuseUnitNonperiodicFan|CollatzCanonical.PeriodicCensusFloor.exists_two_short_unit_syracuse_predecessors._proof_1_1|public|propext,Quot.sound
AUDIT_AXIOMS|SyracuseUnitNonperiodicFan|CollatzCanonical.PeriodicCensusFloor.exists_two_short_unit_syracuse_predecessors._proof_1_2|public|propext,Quot.sound
AUDIT_AXIOMS|SyracuseUnitNonperiodicFan|CollatzCanonical.PeriodicCensusFloor.exists_two_short_unit_syracuse_predecessors._proof_1_3|public|propext,Quot.sound
AUDIT_AXIOMS|SyracuseUnitNonperiodicFan|CollatzCanonical.PeriodicCensusFloor.exists_two_short_unit_syracuse_predecessors._proof_1_10|public|propext,Classical.choice,Quot.sound
AUDIT_AXIOMS|SyracuseUnitNonperiodicFan|CollatzCanonical.PeriodicCensusFloor.exists_two_short_unit_syracuse_predecessors._proof_1_12|public|propext,Classical.choice,Quot.sound
AUDIT_AXIOMS|ExactFirstHitCoefficient|CollatzCanonical.PeriodicCensusFloor.exactFirstHitTerm|public|propext,Classical.choice,Quot.sound
AUDIT_AXIOMS|ExactFirstHitCoefficient|CollatzCanonical.PeriodicCensusFloor.exactFirstHitTerm_le_partial|public|propext,Classical.choice,Quot.sound
AUDIT_AXIOMS|ExactFirstHitCoefficient|CollatzCanonical.PeriodicCensusFloor.shortcut_odd_return_eq_syracuse|public|propext,Classical.choice,Quot.sound
AUDIT_AXIOMS|ExactFirstHitCoefficient|CollatzCanonical.PeriodicCensusFloor.canonicalRho_eq_exactFirstHitCoefficient_of_finite_no_return._proof_1_1|public|propext,Quot.sound
AUDIT_AXIOMS|ExactFirstHitCoefficient|CollatzCanonical.PeriodicCensusFloor.exactFirstHitTerm_summable|public|propext,Classical.choice,Quot.sound
AUDIT_AXIOMS|ExactFirstHitCoefficient|CollatzCanonical.PeriodicCensusFloor.exactFirstHitTerm_nonneg|public|propext,Classical.choice,Quot.sound
AUDIT_AXIOMS|ExactFirstHitCoefficient|CollatzCanonical.PeriodicCensusFloor.exactFirstHitTerm_succ._proof_1_2|public|propext,Classical.choice,Quot.sound
AUDIT_AXIOMS|ExactFirstHitCoefficient|CollatzCanonical.PeriodicCensusFloor.exactFirstHitCoefficient_succ|public|propext,Classical.choice,Quot.sound
AUDIT_AXIOMS|ExactFirstHitCoefficient|CollatzCanonical.PeriodicCensusFloor.exactFirstHitTerm_succ._proof_1_1|public|propext,Classical.choice,Quot.sound
AUDIT_AXIOMS|ExactFirstHitCoefficient|CollatzCanonical.PeriodicCensusFloor.cumulative_cylinder_eq_firstHit_of_finite_no_return|public|propext,Classical.choice,Quot.sound
AUDIT_AXIOMS|ExactFirstHitCoefficient|CollatzCanonical.PeriodicCensusFloor.canonicalRho_eq_exactFirstHitCoefficient_of_finite_no_return._proof_1_2|public|propext,Quot.sound
AUDIT_AXIOMS|ExactFirstHitCoefficient|CollatzCanonical.PeriodicCensusFloor.exactFirstHitCoefficient_nonneg|public|propext,Classical.choice,Quot.sound
AUDIT_AXIOMS|ExactFirstHitCoefficient|CollatzCanonical.PeriodicCensusFloor.exactFirstHitCoefficient.eq_1|public|propext,Classical.choice,Quot.sound
AUDIT_AXIOMS|ExactFirstHitCoefficient|CollatzCanonical.PeriodicCensusFloor.canonicalRho_eq_exactFirstHitCoefficient_of_finite_no_return|public|propext,Classical.choice,Quot.sound
AUDIT_AXIOMS|ExactFirstHitCoefficient|CollatzCanonical.PeriodicCensusFloor.exactFirstHitCoefficient|public|propext,Classical.choice,Quot.sound
AUDIT_AXIOMS|ExactFirstHitCoefficient|CollatzCanonical.PeriodicCensusFloor.exactFirstHitTerm_of_first_hit|public|propext,Classical.choice,Quot.sound
AUDIT_AXIOMS|ExactFirstHitCoefficient|CollatzCanonical.PeriodicCensusFloor.exactFirstHitTerm_of_first_hit._proof_1_2|public|propext,Quot.sound
AUDIT_AXIOMS|ExactFirstHitCoefficient|CollatzCanonical.PeriodicCensusFloor.exactFirstHitTerm.eq_1|public|propext,Classical.choice,Quot.sound
AUDIT_AXIOMS|ExactFirstHitCoefficient|CollatzCanonical.PeriodicCensusFloor.exactFirstHitTerm_succ|public|propext,Classical.choice,Quot.sound
AUDIT_AXIOMS|ExactFirstHitCoefficient|CollatzCanonical.PeriodicCensusFloor.cumulative_cylinder_eq_firstHit_of_finite_no_return._proof_1_1|public|propext,Quot.sound
AUDIT_AXIOMS|GammaFreeFirstHitCoefficient|CollatzCanonical.PeriodicCensusFloor.finite_syracuse_fan_geometric_bound._proof_1_1|public|propext,Classical.choice,Quot.sound
AUDIT_AXIOMS|GammaFreeFirstHitCoefficient|CollatzCanonical.PeriodicCensusFloor.exactFirstHitCoefficient_le_density|public|propext,Classical.choice,Quot.sound
AUDIT_AXIOMS|GammaFreeFirstHitCoefficient|CollatzCanonical.PeriodicCensusFloor.canonicalRho_le_density_of_finite_no_return|public|propext,Classical.choice,Quot.sound
AUDIT_AXIOMS|GammaFreeFirstHitCoefficient|CollatzCanonical.PeriodicCensusFloor.exists_uniform_odd_masked_cylinder_bound|public|propext,Classical.choice,Quot.sound
AUDIT_AXIOMS|GammaFreeFirstHitCoefficient|CollatzCanonical.PeriodicCensusFloor.finite_odd_firstHit_coefficient_bound|public|propext,Classical.choice,Quot.sound
AUDIT_AXIOMS|GammaFreeFirstHitCoefficient|CollatzCanonical.PeriodicCensusFloor.finite_syracuse_fan_geometric_bound|public|propext,Classical.choice,Quot.sound
AUDIT_AXIOMS|GammaFreeFirstHitCoefficient|CollatzCanonical.PeriodicCensusFloor.short_predecessor_coefficient_bound|public|propext,Classical.choice,Quot.sound
AUDIT_AXIOMS|GammaFreeFirstHitCoefficient|CollatzCanonical.PeriodicCensusFloor.finite_firstHit_fan_bound|public|propext,Classical.choice,Quot.sound
AUDIT_AXIOMS|GammaFreeFirstHitCoefficient|CollatzCanonical.PeriodicCensusFloor.exists_uniform_odd_exact_firstHit_coefficient_bound|public|propext,Classical.choice,Quot.sound
AUDIT_AXIOMS|MaskedCylinderNoSmallAncestorEnergy|CollatzCanonical.PeriodicCensusFloor.maskedNoSmallAncestorEnergy|public|propext,Classical.choice,Quot.sound
AUDIT_AXIOMS|MaskedCylinderNoSmallAncestorEnergy|CollatzCanonical.PeriodicCensusFloor.cylinderHeadL1Budget._proof_1|public|propext
AUDIT_AXIOMS|MaskedCylinderNoSmallAncestorEnergy|CollatzCanonical.PeriodicCensusFloor.cylinderHeadL1Budget._proof_4|public|propext
AUDIT_AXIOMS|MaskedCylinderNoSmallAncestorEnergy|CollatzCanonical.PeriodicCensusFloor.cylinderHeadL1Budget|public|propext,Classical.choice,Quot.sound
AUDIT_AXIOMS|MaskedCylinderNoSmallAncestorEnergy|CollatzCanonical.PeriodicCensusFloor.exists_uniform_noSmallAncestor_masked_energy_bound|public|propext,Classical.choice,Quot.sound
AUDIT_AXIOMS|MaskedCylinderNoSmallAncestorEnergy|CollatzCanonical.PeriodicCensusFloor.exists_uniform_maskedEnergy_decomposition|public|propext,Classical.choice,Quot.sound
AUDIT_AXIOMS|MaskedCylinderNoSmallAncestorEnergy|CollatzCanonical.PeriodicCensusFloor.finite_odd_cylinderHead_energy_of_amplitude|public|propext,Classical.choice,Quot.sound
AUDIT_AXIOMS|MaskedCylinderNoSmallAncestorEnergy|CollatzCanonical.PeriodicCensusFloor.maskedOddCylinderHead|public|propext,Classical.choice,Quot.sound
AUDIT_AXIOMS|MaskedCylinderNoSmallAncestorEnergy|CollatzCanonical.PeriodicCensusFloor.finite_odd_cylinderHead_mass_bound|public|propext,Classical.choice,Quot.sound
AUDIT_AXIOMS|MaskedCylinderNoSmallAncestorEnergy|CollatzCanonical.PeriodicCensusFloor.maskedSmallAncestorEnergy|public|propext,Classical.choice,Quot.sound
AUDIT_AXIOMS|MaskedCylinderNoSmallAncestorEnergy|CollatzCanonical.PeriodicCensusFloor.exists_uniform_masked_cylinderHead_energy_bound|public|propext,Classical.choice,Quot.sound
AUDIT_AXIOMS|MaskedCylinderNoSmallAncestorEnergy|CollatzCanonical.PeriodicCensusFloor.maskedCylinderHeadEnergy|public|propext,Classical.choice,Quot.sound
AUDIT_AXIOMS|MaskedCylinderNoSmallAncestorEnergy|CollatzCanonical.PeriodicCensusFloor.cylinderHeadL1Budget._proof_2|public|propext
AUDIT_AXIOMS|MaskedCylinderNoSmallAncestorEnergy|CollatzCanonical.PeriodicCensusFloor.cylinderHeadL1Budget._proof_3|public|propext
AUDIT_AXIOMS|MaskedCylinderNoSmallAncestorEnergy|CollatzCanonical.PeriodicCensusFloor.maskedCylinderHeadEnergy_split|public|propext,Classical.choice,Quot.sound
AUDIT_AXIOMS|MaskedEnergyBoundaryLimit|CollatzCanonical.PeriodicCensusFloor.cylinderHeadL1Budget_le_linear|public|propext,Classical.choice,Quot.sound
AUDIT_AXIOMS|MaskedEnergyBoundaryLimit|CollatzCanonical.PeriodicCensusFloor.maskedNoSmallAncestorEnergy_nonneg|public|propext,Classical.choice,Quot.sound
AUDIT_AXIOMS|MaskedEnergyBoundaryLimit|CollatzCanonical.PeriodicCensusFloor.masked_energy_sublinear_iff_smallAncestor_energy_sublinear|public|propext,Classical.choice,Quot.sound
AUDIT_AXIOMS|MaskedEnergyBoundaryLimit|CollatzCanonical.PeriodicCensusFloor.maskedSmallAncestorEnergy_nonneg|public|propext,Classical.choice,Quot.sound
AUDIT_AXIOMS|MaskedEnergyBoundaryLimit|CollatzCanonical.PeriodicCensusFloor.moving_barrier_noSmallAncestor_energy_tendsto_zero|public|propext,Classical.choice,Quot.sound
AUDIT_AXIOMS|CylinderForwardPropagation|CollatzCanonical.PeriodicCensusFloor.canonicalRho_forward_path._proof_1_1|public|propext,Quot.sound
AUDIT_AXIOMS|CylinderForwardPropagation|CollatzCanonical.PeriodicCensusFloor.exists_uniform_cylinder_path_survival|public|propext,Classical.choice,Quot.sound
AUDIT_AXIOMS|CylinderForwardPropagation|CollatzCanonical.PeriodicCensusFloor.canonicalRho_odd_forward._proof_1_2|public|propext,Quot.sound
AUDIT_AXIOMS|CylinderForwardPropagation|CollatzCanonical.PeriodicCensusFloor.normalized_canonicalRho_forward_path|public|propext,Classical.choice,Quot.sound
AUDIT_AXIOMS|CylinderForwardPropagation|CollatzCanonical.PeriodicCensusFloor.canonicalRho_even_forward|public|propext,Classical.choice,Quot.sound
AUDIT_AXIOMS|CylinderForwardPropagation|CollatzCanonical.PeriodicCensusFloor.canonicalRho_odd_forward._proof_1_1|public|propext,Quot.sound
AUDIT_AXIOMS|CylinderForwardPropagation|CollatzCanonical.PeriodicCensusFloor.exists_uniform_syracuse_cylinder_survival|public|propext,Classical.choice,Quot.sound
AUDIT_AXIOMS|CylinderForwardPropagation|CollatzCanonical.PeriodicCensusFloor.canonicalRho_forward_path._proof_1_2|public|propext,Quot.sound
AUDIT_AXIOMS|CylinderForwardPropagation|CollatzCanonical.PeriodicCensusFloor.canonicalRho_forward_path|public|propext,Classical.choice,Quot.sound
AUDIT_AXIOMS|CylinderForwardPropagation|CollatzCanonical.PeriodicCensusFloor.exists_uniform_syracuse_cylinder_survival._proof_1_1|public|propext,Quot.sound
AUDIT_AXIOMS|CylinderForwardPropagation|CollatzCanonical.PeriodicCensusFloor.canonicalRho_odd_forward|public|propext,Classical.choice,Quot.sound
AUDIT_AXIOMS|NonperiodicSyracuseSpine|CollatzCanonical.PeriodicCensusFloor.syracuse_le_two_mul._proof_1_1|public|propext,Quot.sound
AUDIT_AXIOMS|NonperiodicSyracuseSpine|CollatzCanonical.PeriodicCensusFloor.syracuse_spine_injective|public|propext,Classical.choice,Quot.sound
AUDIT_AXIOMS|NonperiodicSyracuseSpine|CollatzCanonical.PeriodicCensusFloor.syracuse_is_unit._proof_1_1|public|propext,Classical.choice,Quot.sound
AUDIT_AXIOMS|NonperiodicSyracuseSpine|CollatzCanonical.PeriodicCensusFloor.syracuse_is_unit|public|propext,Classical.choice,Quot.sound
AUDIT_AXIOMS|NonperiodicSyracuseSpine|CollatzCanonical.PeriodicCensusFloor.syracuse_le_two_mul|public|propext,Classical.choice,Quot.sound
AUDIT_AXIOMS|NonperiodicSyracuseSpine|CollatzCanonical.PeriodicCensusFloor.syracuse_iterate_le_two_pow|public|propext,Classical.choice,Quot.sound
AUDIT_AXIOMS|NonperiodicSyracuseSpine|CollatzCanonical.PeriodicCensusFloor.syracuse_spine_head_bound|public|propext,Classical.choice,Quot.sound
AUDIT_AXIOMS|NonperiodicSyracuseSpine|CollatzCanonical.PeriodicCensusFloor.exists_odd_unit_injective_root|public|propext,Classical.choice,Quot.sound
AUDIT_AXIOMS|NonperiodicSyracuseSpine|CollatzCanonical.PeriodicCensusFloor.syracuse_spine_nonperiodic|public|propext,Classical.choice,Quot.sound
AUDIT_AXIOMS|CycleTraceRatioFloor|CollatzCanonical.PeriodicCensusFloor.harmonic_shifted_forward_bound._proof_1_2|public|propext,Quot.sound
AUDIT_AXIOMS|CycleTraceRatioFloor|CollatzCanonical.PeriodicCensusFloor.harmonic_shifted_forward_bound._proof_1_3|public|propext,Quot.sound
AUDIT_AXIOMS|CycleTraceRatioFloor|CollatzCanonical.PeriodicCensusFloor.harmonic_shifted_forward_bound|public|propext,Classical.choice,Quot.sound
AUDIT_AXIOMS|CycleTraceRatioFloor|CollatzCanonical.PeriodicCensusFloor.exists_uniform_cyclic_trace_ratio_floor.match_1_1|public|
AUDIT_AXIOMS|CycleTraceRatioFloor|CollatzCanonical.PeriodicCensusFloor.exists_uniform_cyclic_trace_ratio_floor._proof_1_3|public|propext,Quot.sound
AUDIT_AXIOMS|CycleTraceRatioFloor|CollatzCanonical.PeriodicCensusFloor.harmonic_cycle_linear_floor|public|propext,Classical.choice,Quot.sound
AUDIT_AXIOMS|CycleTraceRatioFloor|CollatzCanonical.PeriodicCensusFloor.harmonic_shifted_forward_bound._proof_1_1|public|propext,Quot.sound
AUDIT_AXIOMS|CycleTraceRatioFloor|CollatzCanonical.PeriodicCensusFloor.harmonic_shifted_iterate_bound|public|propext,Classical.choice,Quot.sound
AUDIT_AXIOMS|CycleTraceRatioFloor|CollatzCanonical.PeriodicCensusFloor.exists_uniform_cyclic_trace_ratio_floor|public|propext,Classical.choice,Quot.sound
AUDIT_AXIOMS|CycleTraceRatioFloor|CollatzCanonical.PeriodicCensusFloor.harmonic_shifted_forward_bound._proof_1_4|public|propext,Quot.sound
AUDIT_AXIOMS|FiniteCylinderEnergyImplication|CollatzCanonical.PeriodicCensusFloor.positive_periodic_points_bounded_of_finite_energy|public|propext,Classical.choice,Quot.sound
AUDIT_AXIOMS|FiniteCylinderEnergyImplication|CollatzCanonical.PeriodicCensusFloor.actual_normalized_trace_square_sum_le._proof_1_1|public|propext,Quot.sound
AUDIT_AXIOMS|FiniteCylinderEnergyImplication|CollatzCanonical.PeriodicCensusFloor.actual_normalized_cylinder_cesaro|public|propext,Classical.choice,Quot.sound
AUDIT_AXIOMS|FiniteCylinderEnergyImplication|CollatzCanonical.PeriodicCensusFloor.actual_normalized_trace_tendsto_zero_of_finite_energy|public|propext,Classical.choice,Quot.sound
AUDIT_AXIOMS|FiniteCylinderEnergyImplication|CollatzCanonical.PeriodicCensusFloor.finite_sum_square_le_of_cesaro|public|propext,Classical.choice,Quot.sound
AUDIT_AXIOMS|FiniteCylinderEnergyImplication|CollatzCanonical.PeriodicCensusFloor.actual_normalized_trace_square_summable|public|propext,Classical.choice,Quot.sound
AUDIT_AXIOMS|FiniteCylinderEnergyImplication|CollatzCanonical.PeriodicCensusFloor.finite_sum_square_le_of_cesaro._simp_1_1|public|propext,Quot.sound
AUDIT_AXIOMS|FiniteCylinderEnergyImplication|CollatzCanonical.PeriodicCensusFloor.positiveCylinderSquareEnergy|public|propext,Classical.choice,Quot.sound
AUDIT_AXIOMS|FiniteCylinderEnergyImplication|CollatzCanonical.PeriodicCensusFloor.universal_eventual_periodicity_of_finite_energy|public|propext,Classical.choice,Quot.sound
AUDIT_AXIOMS|FiniteCylinderEnergyImplication|CollatzCanonical.PeriodicCensusFloor.actual_normalized_trace_square_sum_le|public|propext,Classical.choice,Quot.sound
AUDIT_AXIOMS|FiniteCylinderEnergyImplication|CollatzCanonical.PeriodicCensusFloor.actual_normalized_cylinder_cesaro._simp_1_2|public|propext,Quot.sound
AUDIT_AXIOMS|FiniteCylinderEnergyImplication|CollatzCanonical.PeriodicCensusFloor.cesaroMean_square_le|public|propext,Classical.choice,Quot.sound
AUDIT_AXIOMS|FiniteCylinderEnergyImplication|CollatzCanonical.PeriodicCensusFloor.positive_periodic_points_finite_of_finite_energy|public|propext,Classical.choice,Quot.sound
AUDIT_AXIOMS|FiniteCylinderEnergyImplication|CollatzCanonical.PeriodicCensusFloor.cesaroMean_tendsto_of_tendsto|public|propext,Classical.choice,Quot.sound
AUDIT_AXIOMS|FiniteCylinderEnergyImplication|CollatzCanonical.PeriodicCensusFloor.actual_normalized_cylinder_cesaro._proof_1_1|public|propext,Quot.sound
AUDIT_AXIOMS|FiniteCylinderEnergyImplication|CollatzCanonical.PeriodicCensusFloor.finite_cylinder_square_energy_consequences|public|propext,Classical.choice,Quot.sound
AUDIT_AXIOMS|ShiftedCesaroEnergyExclusion|CollatzCanonical.PeriodicCensusFloor.sublinear_energy_excludes_diagonal_cesaro|public|propext,Classical.choice,Quot.sound
AUDIT_AXIOMS|ShiftedCesaroEnergyExclusion|CollatzCanonical.PeriodicCensusFloor.sum_range_eq_prefix_add_reverse._proof_1_2|public|propext,Quot.sound
AUDIT_AXIOMS|ShiftedCesaroEnergyExclusion|CollatzCanonical.PeriodicCensusFloor.diagonal_cesaro_square_bound|public|propext,Classical.choice,Quot.sound
AUDIT_AXIOMS|ShiftedCesaroEnergyExclusion|CollatzCanonical.PeriodicCensusFloor.sum_range_eq_prefix_add_reverse|public|propext,Classical.choice,Quot.sound
AUDIT_AXIOMS|ShiftedCesaroEnergyExclusion|CollatzCanonical.PeriodicCensusFloor.sum_range_eq_prefix_add_reverse._proof_1_1|public|propext,Quot.sound
AUDIT_AXIOMS|SublinearNonperiodicCylinderEnergy|CollatzCanonical.PeriodicCensusFloor.nonperiodic_cylinder_spine_energy_lower|public|propext,Classical.choice,Quot.sound
AUDIT_AXIOMS|SublinearNonperiodicCylinderEnergy|CollatzCanonical.PeriodicCensusFloor.positiveOddNonperiodicCylinderHead|public|propext,Classical.choice,Quot.sound
AUDIT_AXIOMS|SublinearNonperiodicCylinderEnergy|CollatzCanonical.PeriodicCensusFloor.universal_eventual_periodicity_of_sublinear_odd_nonperiodic_energy|public|propext,Classical.choice,Quot.sound
AUDIT_AXIOMS|SublinearNonperiodicCylinderEnergy|CollatzCanonical.PeriodicCensusFloor.nonperiodic_cylinder_spine_energy_lower._proof_1_1|public|propext,Classical.choice,Quot.sound
AUDIT_AXIOMS|SublinearNonperiodicCylinderEnergy|CollatzCanonical.PeriodicCensusFloor.universal_eventual_periodicity_of_sublinear_odd_nonperiodic_energy._proof_1_2|public|propext,Quot.sound
AUDIT_AXIOMS|SublinearNonperiodicCylinderEnergy|CollatzCanonical.PeriodicCensusFloor.positiveOddNonperiodicCylinderSquareEnergy|public|propext,Classical.choice,Quot.sound
AUDIT_AXIOMS|SublinearNonperiodicCylinderEnergy|CollatzCanonical.PeriodicCensusFloor.universal_eventual_periodicity_of_sublinear_odd_nonperiodic_energy._proof_1_1|public|propext,Quot.sound
AUDIT_AXIOMS|SublinearNonperiodicCylinderEnergy|CollatzCanonical.PeriodicCensusFloor.nonperiodic_cylinder_spine_energy_lower._proof_1_2|public|propext,Quot.sound
AUDIT_AXIOMS|SublinearNonperiodicCylinderEnergy|CollatzCanonical.PeriodicCensusFloor.nonperiodic_cylinder_spine_energy_lower._proof_1_3|public|propext,Quot.sound
AUDIT_AXIOMS|MaskedEnergySufficiency|CollatzCanonical.PeriodicCensusFloor.nonperiodic_no_syracuse_return|public|propext,Classical.choice,Quot.sound
AUDIT_AXIOMS|MaskedEnergySufficiency|CollatzCanonical.PeriodicCensusFloor.universal_eventual_periodicity_of_sublinear_masked_energy|public|propext,Classical.choice,Quot.sound
AUDIT_AXIOMS|MaskedEnergySufficiency|CollatzCanonical.PeriodicCensusFloor.positiveOddNonperiodic_energy_le_masked_energy|public|propext,Classical.choice,Quot.sound
AUDIT_AXIOMS|MaskedEnergySufficiency|CollatzCanonical.PeriodicCensusFloor.masked_canonicalRho_zero_of_multiple_three|public|propext,Classical.choice,Quot.sound
AUDIT_AXIOMS|MaskedEnergySufficiency|CollatzCanonical.PeriodicCensusFloor.positiveOddNonperiodic_energy_le_masked_energy._proof_1_1|public|propext,Quot.sound
AUDIT_AXIOMS|MaskedEnergySufficiency|CollatzCanonical.PeriodicCensusFloor.positiveOddNonperiodic_energy_le_masked_energy._proof_1_2|public|propext,Quot.sound
AUDIT_AXIOMS|MaskedEnergyPeriodicityEquivalence|CollatzCanonical.PeriodicCensusFloor.masked_energy_sublinear_iff_universal_eventual_periodicity|public|propext,Classical.choice,Quot.sound
AUDIT_AXIOMS|MaskedEnergyPeriodicityEquivalence|CollatzCanonical.PeriodicCensusFloor.fixed_small_ancestor_energy_bounded_of_universal_eventual_periodicity|public|propext,Classical.choice,Quot.sound
AUDIT_AXIOMS|MaskedEnergyPeriodicityEquivalence|CollatzCanonical.PeriodicCensusFloor.small_ancestor_targets_finite_of_universal_eventual_periodicity|public|propext,Classical.choice,Quot.sound
AUDIT_AXIOMS|MaskedEnergyPeriodicityEquivalence|CollatzCanonical.PeriodicCensusFloor.forward_orbit_finite_of_eventually_periodic|public|propext,Classical.choice,Quot.sound
AUDIT_AXIOMS|MaskedEnergyPeriodicityEquivalence|CollatzCylinderPacking.Arithmetic.NoSmallAncestor.eq_1|public|propext,Classical.choice,Quot.sound
AUDIT_AXIOMS|MaskedEnergyPeriodicityEquivalence|CollatzCanonical.PeriodicCensusFloor.masked_energy_sublinear_of_universal_eventual_periodicity|public|propext,Classical.choice,Quot.sound
AUDIT_AXIOMS|MaskedEnergyPeriodicityEquivalence|CollatzCanonical.PeriodicCensusFloor.small_ancestor_energy_sublinear_iff_universal_eventual_periodicity|public|propext,Classical.choice,Quot.sound
