AUDIT_DECL|PeriodicSourceMean|CollatzCanonical.PeriodicCensusFloor.centered_weighted_mean_tendsto_zero
AUDIT_DECL|PeriodicSourceMean|CollatzCanonical.PeriodicCensusFloor.sourceMean_of_shift
AUDIT_DECL|PeriodicSourceMean|CollatzCanonical.PeriodicCensusFloor.periodic_weighted_mean._simp_1_2
AUDIT_DECL|PeriodicSourceMean|CollatzCanonical.PeriodicCensusFloor.adjacentVariation
AUDIT_DECL|PeriodicSourceMean|CollatzCanonical.PeriodicCensusFloor.weighted_centered_sum_bound
AUDIT_DECL|PeriodicSourceMean|CollatzCanonical.PeriodicCensusFloor.sourceMean_shift_sub
AUDIT_DECL|PeriodicSourceMean|CollatzCanonical.PeriodicCensusFloor.sourceMean.eq_1
AUDIT_DECL|PeriodicSourceMean|CollatzCanonical.PeriodicCensusFloor.periodic_zero_sum_prefix_bound._proof_1_1
AUDIT_DECL|PeriodicSourceMean|CollatzCanonical.PeriodicCensusFloor.sourceMean
AUDIT_DECL|PeriodicSourceMean|CollatzCanonical.PeriodicCensusFloor.periodic_weighted_mean
AUDIT_DECL|PeriodicSourceMean|CollatzCanonical.PeriodicCensusFloor.periodic_zero_sum_prefix_bound
AUDIT_DECL|TerminalFanEnvelope|CollatzCanonical.PeriodicCensusFloor.terminalFanEnvelope._proof_1
AUDIT_DECL|TerminalFanEnvelope|CollatzCanonical.PeriodicCensusFloor.terminalFanEnvelope
AUDIT_DECL|TerminalFanEnvelope|CollatzCanonical.PeriodicCensusFloor.terminalFanEnvelope_summable
AUDIT_DECL|TerminalFanEnvelope|CollatzCanonical.PeriodicCensusFloor.terminalFanEnvelope_dominates
AUDIT_DECL|TerminalFanEnvelope|CollatzCanonical.PeriodicCensusFloor.terminalFanEnvelope_fullMean
AUDIT_DECL|TerminalFanEnvelope|CollatzCanonical.PeriodicCensusFloor.terminalFanEnvelope_nonneg
AUDIT_DECL|TerminalFanEnvelope|CollatzCanonical.PeriodicCensusFloor.terminalFanEnvelope_le
AUDIT_DECL|TerminalFanCensus|CollatzCanonical.PeriodicCensusFloor.forwardGoodDepthShiftUnitMass_le_envelope_sources
AUDIT_DECL|TerminalFanCensus|CollatzCanonical.PeriodicCensusFloor.fullTerminal_fan_le_envelope
AUDIT_DECL|FrozenSeedPeriodicPrefix|CollatzCanonical.PeriodicCensusFloor.exists_frozen_seed_eventual_periodic_prefix
AUDIT_DECL|FrozenSeedPeriodicPrefix|CollatzCanonical.PeriodicCensusFloor.exists_frozen_seed_eventual_periodic_prefix._proof_1_4
AUDIT_DECL|FrozenSeedPeriodicPrefix|CollatzCanonical.PeriodicCensusFloor.exists_frozen_seed_eventual_periodic_prefix._proof_1_7
AUDIT_DECL|FrozenSeedPeriodicPrefix|CollatzCanonical.PeriodicCensusFloor.terminalEnvelope_source_sum_le_basin_prefix
AUDIT_DECL|FrozenSeedPeriodicPrefix|CollatzCanonical.PeriodicCensusFloor.exists_frozen_seed_eventual_periodic_prefix._proof_1_5
AUDIT_DECL|FrozenSeedPeriodicPrefix|CollatzCanonical.PeriodicCensusFloor.exists_frozen_seed_eventual_periodic_prefix._proof_1_6
AUDIT_DECL|FrozenSeedPeriodicPrefix|CollatzCanonical.PeriodicCensusFloor.exists_frozen_seed_eventual_periodic_prefix._proof_1_8
AUDIT_DECL|FrozenSeedPeriodicPrefix|CollatzCanonical.PeriodicCensusFloor.exists_frozen_seed_eventual_periodic_prefix._proof_1_1
AUDIT_DECL|FrozenSeedPeriodicPrefix|CollatzCanonical.PeriodicCensusFloor.exists_frozen_seed_eventual_periodic_prefix._proof_1_2
AUDIT_DECL|FrozenSeedPeriodicPrefix|CollatzCanonical.PeriodicCensusFloor.exists_frozen_seed_eventual_periodic_prefix._proof_1_3
AUDIT_DECL|GaoShortcutBridge|CollatzCanonical.GaoShortcut.instDecidableGood
AUDIT_DECL|GaoShortcutBridge|CollatzCanonical.GaoShortcut.pair_iterate
AUDIT_DECL|GaoShortcutBridge|CollatzCanonical.GaoShortcut.tm_nat._proof_1_1
AUDIT_DECL|GaoShortcutBridge|CollatzCanonical.GaoShortcut.goodProbability_eventually
AUDIT_DECL|GaoShortcutBridge|CollatzCanonical.GaoShortcut.good_count_lower
AUDIT_DECL|GaoShortcutBridge|CollatzCanonical.GaoShortcut.goodProbability_bounds
AUDIT_DECL|GaoShortcutBridge|CollatzCanonical.GaoShortcut.imp_nat._proof_1_1
AUDIT_DECL|GaoShortcutBridge|CollatzCanonical.GaoShortcut.good_iff
AUDIT_DECL|GaoShortcutBridge|CollatzCanonical.GaoShortcut.good_count_lower._simp_1_1
AUDIT_DECL|GaoShortcutBridge|CollatzCanonical.GaoShortcut.good_mod
AUDIT_DECL|GaoShortcutBridge|CollatzCanonical.GaoShortcut.goodProbability
AUDIT_DECL|GaoShortcutBridge|CollatzCanonical.GaoShortcut.imp_nat
AUDIT_DECL|GaoShortcutBridge|CollatzCanonical.GaoShortcut.good
AUDIT_DECL|GaoShortcutBridge|CollatzCanonical.GaoShortcut.tm_nat._proof_1_2
AUDIT_DECL|GaoShortcutBridge|CollatzCanonical.GaoShortcut.tm_nat
AUDIT_DECL|GaoShortcutBridge|CollatzCanonical.GaoShortcut.good_count_lower._simp_1_2
AUDIT_DECL|GaoShortcutBridge|CollatzCanonical.GaoShortcut.good_card
AUDIT_DECL|BasinAdjacentVariation|CollatzCanonical.GaoShortcut.basin_adjacent_variation_bound
AUDIT_DECL|BasinAdjacentVariation|CollatzCanonical.GaoShortcut.basin_adjacent_difference_le_one
AUDIT_DECL|BasinAdjacentVariation|CollatzCanonical.GaoShortcut.basin_adjacent_variation_tendsto_zero._proof_1_1
AUDIT_DECL|BasinAdjacentVariation|CollatzCanonical.GaoShortcut.basin_adjacent_variation_bound._proof_1_1
AUDIT_DECL|BasinAdjacentVariation|CollatzCanonical.GaoShortcut.basin_adjacent_variation_tendsto_zero
AUDIT_DECL|BasinAdjacentVariation|CollatzCanonical.GaoShortcut.basin_eq_of_good._proof_1_1
AUDIT_DECL|BasinAdjacentVariation|CollatzCanonical.GaoShortcut.basin_eq_of_good
AUDIT_DECL|BasinAdjacentVariation|CollatzCanonical.GaoShortcut.prefix_avoids_of_large._proof_1_1
AUDIT_DECL|BasinAdjacentVariation|CollatzCanonical.GaoShortcut.prefix_avoids_of_large
AUDIT_DECL|OddTerminalFanMean|CollatzCanonical.PeriodicCensusFloor.oddTerminalFan.eq_1
AUDIT_DECL|OddTerminalFanMean|CollatzCanonical.PeriodicCensusFloor.oddTerminalFan_paired._proof_1_1
AUDIT_DECL|OddTerminalFanMean|CollatzCanonical.PeriodicCensusFloor.terminalFanEnvelope_nat_sum
AUDIT_DECL|OddTerminalFanMean|CollatzCanonical.PeriodicCensusFloor.oddTerminalFan_weighted_mean
AUDIT_DECL|OddTerminalFanMean|CollatzCanonical.PeriodicCensusFloor.oddTerminalFan_sum
AUDIT_DECL|OddTerminalFanMean|CollatzCanonical.PeriodicCensusFloor.oddTerminalFan_scaled_source_limit._proof_1_1
AUDIT_DECL|OddTerminalFanMean|CollatzCanonical.PeriodicCensusFloor.oddTerminalFan_mean
AUDIT_DECL|OddTerminalFanMean|CollatzCanonical.PeriodicCensusFloor.oddTerminalFan_scaled_source_limit
AUDIT_DECL|OddTerminalFanMean|CollatzCanonical.PeriodicCensusFloor.oddTerminalFan
AUDIT_DECL|OddTerminalFanMean|CollatzCanonical.PeriodicCensusFloor.oddTerminalFan_periodic
AUDIT_DECL|OddTerminalFanMean|CollatzCanonical.PeriodicCensusFloor.oddTerminalFan_nonneg
AUDIT_DECL|OddTerminalFanMean|CollatzCanonical.PeriodicCensusFloor.oddTerminalFan_le
AUDIT_DECL|OddTerminalFanMean|CollatzCanonical.PeriodicCensusFloor.oddTerminalFan_periodic._proof_1_1
AUDIT_DECL|OddTerminalFanMean|CollatzCanonical.PeriodicCensusFloor.oddTerminalFan_paired
AUDIT_DECL|ActualBasinPeriodicMean|CollatzCanonical.PeriodicCensusFloor.actual_basin_sourceMean
AUDIT_DECL|ActualBasinPeriodicMean|CollatzCanonical.PeriodicCensusFloor.basinIndicator_abs_le_one
AUDIT_DECL|ActualBasinPeriodicMean|CollatzCanonical.PeriodicCensusFloor.actual_basin_adjacentVariation
AUDIT_DECL|ActualBasinPeriodicMean|CollatzCanonical.PeriodicCensusFloor.actual_basin_oddTerminalFan_scaled_limit
AUDIT_DECL|ActualBasinPeriodicMean|CollatzCanonical.PeriodicCensusFloor.actual_basin_oddTerminalFan_sourceMean
AUDIT_DECL|ActualBasinPeriodicMean|CollatzCanonical.PeriodicCensusFloor.actual_basin_periodic_sourceMean
AUDIT_DECL|ActualBasinPolynomialFloor|CollatzCanonical.PeriodicCensusFloor.frozen_seed_periodic_density_bound
AUDIT_DECL|ActualBasinPolynomialFloor|CollatzCanonical.PeriodicCensusFloor.actual_basin_polynomial_lower_density
AUDIT_DECL|CanonicalTracePolynomialFloor|CollatzCanonical.PeriodicCensusFloor.exists_uniform_firstHit_reciprocal_floor
AUDIT_DECL|CanonicalTracePolynomialFloor|CollatzCanonical.PeriodicCensusFloor.exists_uniform_unit_canonical_trace_floor
AUDIT_DECL|CanonicalTracePolynomialFloor|CollatzCanonical.PeriodicCensusFloor.greenCycleFactor_one_ge_one._simp_1_1
AUDIT_DECL|CanonicalTracePolynomialFloor|CollatzCanonical.PeriodicCensusFloor.greenCycleFactor_one_ge_one
